Archive member included because of file (symbol)

/opt/york/cs/net/sourcery-g++-lite-arm-eabi-2010.09.51-i686-1/arm-none-eabi/lib/thumb2/libc.a(lib_a-malloc.o)
                              LDC_PrintHelloWorld.o (malloc)
/opt/york/cs/net/sourcery-g++-lite-arm-eabi-2010.09.51-i686-1/arm-none-eabi/lib/thumb2/libc.a(lib_a-mallocr.o)
                              /opt/york/cs/net/sourcery-g++-lite-arm-eabi-2010.09.51-i686-1/arm-none-eabi/lib/thumb2/libc.a(lib_a-malloc.o) (_malloc_r)
/opt/york/cs/net/sourcery-g++-lite-arm-eabi-2010.09.51-i686-1/arm-none-eabi/lib/thumb2/libc.a(lib_a-mlock.o)
                              /opt/york/cs/net/sourcery-g++-lite-arm-eabi-2010.09.51-i686-1/arm-none-eabi/lib/thumb2/libc.a(lib_a-mallocr.o) (__malloc_lock)
/opt/york/cs/net/sourcery-g++-lite-arm-eabi-2010.09.51-i686-1/arm-none-eabi/lib/thumb2/libc.a(lib_a-sbrkr.o)
                              /opt/york/cs/net/sourcery-g++-lite-arm-eabi-2010.09.51-i686-1/arm-none-eabi/lib/thumb2/libc.a(lib_a-mallocr.o) (_sbrk_r)
/opt/york/cs/net/sourcery-g++-lite-arm-eabi-2010.09.51-i686-1/arm-none-eabi/lib/thumb2/libc.a(lib_a-sprintf.o)
                              irSense.o (sprintf)
/opt/york/cs/net/sourcery-g++-lite-arm-eabi-2010.09.51-i686-1/arm-none-eabi/lib/thumb2/libc.a(lib_a-strlen.o)
                              SerialIO.o (strlen)
/opt/york/cs/net/sourcery-g++-lite-arm-eabi-2010.09.51-i686-1/arm-none-eabi/lib/thumb2/libc.a(lib_a-svfprintf.o)
                              /opt/york/cs/net/sourcery-g++-lite-arm-eabi-2010.09.51-i686-1/arm-none-eabi/lib/thumb2/libc.a(lib_a-sprintf.o) (_svfprintf_r)
/opt/york/cs/net/sourcery-g++-lite-arm-eabi-2010.09.51-i686-1/arm-none-eabi/lib/thumb2/libc.a(lib_a-dtoa.o)
                              /opt/york/cs/net/sourcery-g++-lite-arm-eabi-2010.09.51-i686-1/arm-none-eabi/lib/thumb2/libc.a(lib_a-svfprintf.o) (_dtoa_r)
/opt/york/cs/net/sourcery-g++-lite-arm-eabi-2010.09.51-i686-1/arm-none-eabi/lib/thumb2/libc.a(lib_a-freer.o)
                              /opt/york/cs/net/sourcery-g++-lite-arm-eabi-2010.09.51-i686-1/arm-none-eabi/lib/thumb2/libc.a(lib_a-malloc.o) (_free_r)
/opt/york/cs/net/sourcery-g++-lite-arm-eabi-2010.09.51-i686-1/arm-none-eabi/lib/thumb2/libc.a(lib_a-impure.o)
                              /opt/york/cs/net/sourcery-g++-lite-arm-eabi-2010.09.51-i686-1/arm-none-eabi/lib/thumb2/libc.a(lib_a-malloc.o) (_impure_ptr)
/opt/york/cs/net/sourcery-g++-lite-arm-eabi-2010.09.51-i686-1/arm-none-eabi/lib/thumb2/libc.a(lib_a-locale.o)
                              /opt/york/cs/net/sourcery-g++-lite-arm-eabi-2010.09.51-i686-1/arm-none-eabi/lib/thumb2/libc.a(lib_a-svfprintf.o) (_localeconv_r)
/opt/york/cs/net/sourcery-g++-lite-arm-eabi-2010.09.51-i686-1/arm-none-eabi/lib/thumb2/libc.a(lib_a-memchr.o)
                              /opt/york/cs/net/sourcery-g++-lite-arm-eabi-2010.09.51-i686-1/arm-none-eabi/lib/thumb2/libc.a(lib_a-svfprintf.o) (memchr)
/opt/york/cs/net/sourcery-g++-lite-arm-eabi-2010.09.51-i686-1/arm-none-eabi/lib/thumb2/libc.a(lib_a-memcpy.o)
                              /opt/york/cs/net/sourcery-g++-lite-arm-eabi-2010.09.51-i686-1/arm-none-eabi/lib/thumb2/libc.a(lib_a-dtoa.o) (memcpy)
/opt/york/cs/net/sourcery-g++-lite-arm-eabi-2010.09.51-i686-1/arm-none-eabi/lib/thumb2/libc.a(lib_a-mprec.o)
                              /opt/york/cs/net/sourcery-g++-lite-arm-eabi-2010.09.51-i686-1/arm-none-eabi/lib/thumb2/libc.a(lib_a-dtoa.o) (_Balloc)
/opt/york/cs/net/sourcery-g++-lite-arm-eabi-2010.09.51-i686-1/arm-none-eabi/lib/thumb2/libc.a(lib_a-reent.o)
                              /opt/york/cs/net/sourcery-g++-lite-arm-eabi-2010.09.51-i686-1/arm-none-eabi/lib/thumb2/libc.a(lib_a-sbrkr.o) (errno)
/opt/york/cs/net/sourcery-g++-lite-arm-eabi-2010.09.51-i686-1/arm-none-eabi/lib/thumb2/libc.a(lib_a-s_fpclassify.o)
                              /opt/york/cs/net/sourcery-g++-lite-arm-eabi-2010.09.51-i686-1/arm-none-eabi/lib/thumb2/libc.a(lib_a-svfprintf.o) (__fpclassifyd)
/opt/york/cs/net/sourcery-g++-lite-arm-eabi-2010.09.51-i686-1/arm-none-eabi/lib/thumb2/libc.a(lib_a-strcmp.o)
                              /opt/york/cs/net/sourcery-g++-lite-arm-eabi-2010.09.51-i686-1/arm-none-eabi/lib/thumb2/libc.a(lib_a-locale.o) (strcmp)
/opt/york/cs/net/sourcery-g++-lite-arm-eabi-2010.09.51-i686-1/arm-none-eabi/lib/thumb2/libc.a(lib_a-svfiprintf.o)
                              /opt/york/cs/net/sourcery-g++-lite-arm-eabi-2010.09.51-i686-1/arm-none-eabi/lib/thumb2/libc.a(lib_a-svfprintf.o) (__ssprint_r)
/opt/york/cs/net/sourcery-g++-lite-arm-eabi-2010.09.51-i686-1/arm-none-eabi/lib/thumb2/libc.a(lib_a-callocr.o)
                              /opt/york/cs/net/sourcery-g++-lite-arm-eabi-2010.09.51-i686-1/arm-none-eabi/lib/thumb2/libc.a(lib_a-mprec.o) (_calloc_r)
/opt/york/cs/net/sourcery-g++-lite-arm-eabi-2010.09.51-i686-1/arm-none-eabi/lib/thumb2/libc.a(lib_a-memmove.o)
[...]
Memory Configuration

Name             Origin             Length             Attributes
rom              0x00000000         0x00080000         xr
ram              0x10000000         0x00008000         xrw
ram1             0x2007c000         0x00004000         xrw
ram2             0x20080000         0x00004000         xrw
*default*        0x00000000         0xffffffff

Linker script and memory map

LOAD /opt/york/cs/net/sourcery-g++-lite-arm-eabi-2010.09.51-i686-1/bin/../lib/gcc/arm-none-eabi/4.5.1/thumb2/crti.o
LOAD /opt/york/cs/net/sourcery-g++-lite-arm-eabi-2010.09.51-i686-1/bin/../lib/gcc/arm-none-eabi/4.5.1/thumb2/crtbegin.o
LOAD irSense.o
LOAD Delay.o
LOAD SerialIO.o
LOAD I2C.o
LOAD ADC.o
LOAD KeyAccess.o
LOAD LDC_PrintHelloWorld.o
LOAD /opt/york/cs/net/lpc1700-cmsis-lite-2011.01.26-i686-1/lib/core_cm3.o
LOAD /opt/york/cs/net/lpc1700-cmsis-lite-2011.01.26-i686-1/lib/system_LPC17xx.o
LOAD /opt/york/cs/net/lpc1700-cmsis-lite-2011.01.26-i686-1/lib/startup_LPC17xx.o
START GROUP
LOAD /opt/york/cs/net/sourcery-g++-lite-arm-eabi-2010.09.51-i686-1/arm-none-eabi/lib/thumb2/libc.a
LOAD /opt/york/cs/net/sourcery-g++-lite-arm-eabi-2010.09.51-i686-1/arm-none-eabi/lib/thumb2/libg.a
LOAD /opt/york/cs/net/sourcery-g++-lite-arm-eabi-2010.09.51-i686-1/arm-none-eabi/lib/thumb2/libstdc++.a
LOAD /opt/york/cs/net/sourcery-g++-lite-arm-eabi-2010.09.51-i686-1/arm-none-eabi/lib/thumb2/libsupc++.a
LOAD /opt/york/cs/net/sourcery-g++-lite-arm-eabi-2010.09.51-i686-1/bin/../lib/gcc/arm-none-eabi/4.5.1/thumb2/libgcc.a
LOAD /opt/york/cs/net/sourcery-g++-lite-arm-eabi-2010.09.51-i686-1/arm-none-eabi/lib/thumb2/libm.a
END GROUP
START GROUP
LOAD /opt/york/cs/net/sourcery-g++-lite-arm-eabi-2010.09.51-i686-1/bin/../lib/gcc/arm-none-eabi/4.5.1/thumb2/libgcc.a
LOAD /opt/york/cs/net/sourcery-g++-lite-arm-eabi-2010.09.51-i686-1/arm-none-eabi/lib/thumb2/libc.a
LOAD /opt/york/cs/net/sourcery-g++-lite-arm-eabi-2010.09.51-i686-1/arm-none-eabi/lib/thumb2/libcs3.a
LOAD /opt/york/cs/net/sourcery-g++-lite-arm-eabi-2010.09.51-i686-1/arm-none-eabi/lib/thumb2/libcs3unhosted.a
LOAD /opt/york/cs/net/sourcery-g++-lite-arm-eabi-2010.09.51-i686-1/arm-none-eabi/lib/thumb2/libcs3micro.a
END GROUP
                0x10008000                PROVIDE (__cs3_stack, (__cs3_region_start_ram + __cs3_region_size_ram))
                0x000079e8                PROVIDE (__cs3_stack_size, ((__cs3_region_start_ram + __cs3_region_size_ram) - _end))
                0x10000618                PROVIDE (__cs3_heap_start, _end)
                0x10008000                PROVIDE (__cs3_heap_end, (__cs3_region_start_ram + __cs3_region_size_ram))

.text           0x00000000     0xb1bc
 CREATE_OBJECT_SYMBOLS
                0x00000000                __cs3_region_start_rom = .
 *(.cs3.region-head.rom)
                0x00000000                __cs3_interrupt_vector = __cs3_interrupt_vector_cortex_m
 *(.cs3.interrupt_vector)
 .cs3.interrupt_vector
                0x00000000       0xcc /opt/york/cs/net/lpc1700-cmsis-lite-2011.01.26-i686-1/lib/startup_LPC17xx.o
                0x00000000                __cs3_interrupt_vector_cortex_m
                0x00000001                ASSERT ((. != __cs3_interrupt_vector_cortex_m), No interrupt vector)
 *(.rom)
 *(.rom.b)
                0x000000cc                __cs3_reset = __cs3_reset_cortex_m
 *(.cs3.reset)
 .cs3.reset     0x000000cc       0x10 /opt/york/cs/net/lpc1700-cmsis-lite-2011.01.26-i686-1/lib/startup_LPC17xx.o
                0x000000cc                __cs3_reset_cortex_m
                0x00000001                ASSERT ((. != __cs3_reset), No reset code)
 *(.text .text.* .gnu.linkonce.t.*)
 .text          0x000000dc        0x0 /opt/york/cs/net/sourcery-g++-lite-arm-eabi-2010.09.51-i686-1/bin/../lib/gcc/arm-none-eabi/4.5.1/thumb2/crti.o
 .text          0x000000dc       0x30 /opt/york/cs/net/sourcery-g++-lite-arm-eabi-2010.09.51-i686-1/bin/../lib/gcc/arm-none-eabi/4.5.1/thumb2/crtbegin.o
 .text          0x0000010c        0x0 irSense.o
 .text.NVIC_SetPriority
                0x0000010c       0x5c irSense.o
 .text.SysTick_Config
                0x00000168       0x64 irSense.o
 .text.LedsOFF  0x000001cc       0x18 irSense.o
                0x000001cc                LedsOFF
 .text.LedsON   0x000001e4       0x34 irSense.o
                0x000001e4                LedsON
 .text.getADC   0x00000218       0x4c irSense.o
                0x00000218                getADC
 .text.Calibrate
                0x00000264      0x14c irSense.o
                0x00000264                Calibrate
 .text.main     0x000003b0      0x2f8 irSense.o
                0x000003b0                main
 .text          0x000006a8        0x0 Delay.o
 .text.NVIC_SetPriority
                0x000006a8       0x5c Delay.o
 .text.SysTick_Config
                0x00000704       0x64 Delay.o
 .text.SysTick_Handler
                0x00000768       0x24 Delay.o
                0x00000768                SysTick_Handler
 .text.Delay    0x0000078c       0x34 Delay.o
                0x0000078c                Delay
 .text.Delay_Init
                0x000007c0       0x2c Delay.o
                0x000007c0                Delay_Init
 .text          0x000007ec        0x0 SerialIO.o
 .text.InitSerial
                0x000007ec       0x90 SerialIO.o
                0x000007ec                InitSerial
 .text.WriteText
                0x0000087c       0x34 SerialIO.o
                0x0000087c                WriteText
 .text          0x000008b0        0x0 I2C.o
 .text.I2CInit  0x000008b0       0x30 I2C.o
                0x000008b0                I2CInit
 .text.SetupVals
                0x000008e0       0x54 I2C.o
                0x000008e0                SetupVals
 .text.SetupPINS
                0x00000934       0x44 I2C.o
                0x00000934                SetupPINS
 .text          0x00000978        0x0 ADC.o
 .text.InitializeADC
                0x00000978       0x5c ADC.o
                0x00000978                InitializeADC
 .text          0x000009d4        0x0 KeyAccess.o
 .text.GetKeyInput
                0x000009d4       0x4c KeyAccess.o
                0x000009d4                GetKeyInput
 .text.DecodeInput
                0x00000a20       0xc8 KeyAccess.o
                0x00000a20                DecodeInput
 .text.GetKeyData
                0x00000ae8       0xb4 KeyAccess.o
                0x00000ae8                GetKeyData
 .text          0x00000b9c        0x0 LDC_PrintHelloWorld.o
 .text.NVIC_SetPriority
                0x00000b9c       0x5c LDC_PrintHelloWorld.o
 .text.SysTick_Config
                0x00000bf8       0x64 LDC_PrintHelloWorld.o
 .text.SendData
                0x00000c5c       0x3c LDC_PrintHelloWorld.o
                0x00000c5c                SendData
 .text.LCDEnable
                0x00000c98       0x28 LDC_PrintHelloWorld.o
                0x00000c98                LCDEnable
 .text.LCDDisable
                0x00000cc0       0x28 LDC_PrintHelloWorld.o
                0x00000cc0                LCDDisable
 .text.LCDGoHome
                0x00000ce8       0x28 LDC_PrintHelloWorld.o
                0x00000ce8                LCDGoHome
 .text.LCDNewLine
                0x00000d10       0x28 LDC_PrintHelloWorld.o
                0x00000d10                LCDNewLine
 .text.LCDInit  0x00000d38       0x38 LDC_PrintHelloWorld.o
                0x00000d38                LCDInit
 .text.LCDClear
                0x00000d70       0x70 LDC_PrintHelloWorld.o
                0x00000d70                LCDClear
 .text.LCDPrint
                0x00000de0       0xc4 LDC_PrintHelloWorld.o
                0x00000de0                LCDPrint
 .text.main_LDCPrintHelloWorld
                0x00000ea4       0x68 LDC_PrintHelloWorld.o
                0x00000ea4                main_LDCPrintHelloWorld
 .text          0x00000f0c        0x0 /opt/york/cs/net/lpc1700-cmsis-lite-2011.01.26-i686-1/lib/core_cm3.o
 .text          0x00000f0c        0x0 /opt/york/cs/net/lpc1700-cmsis-lite-2011.01.26-i686-1/lib/system_LPC17xx.o
 .text.SystemCoreClockUpdate
                0x00000f0c      0x228 /opt/york/cs/net/lpc1700-cmsis-lite-2011.01.26-i686-1/lib/system_LPC17xx.o
                0x00000f0c                SystemCoreClockUpdate
 .text.SystemInit
                0x00001134      0x240 /opt/york/cs/net/lpc1700-cmsis-lite-2011.01.26-i686-1/lib/system_LPC17xx.o
                0x00001134                SystemInit
 .text          0x00001374       0x14 /opt/york/cs/net/lpc1700-cmsis-lite-2011.01.26-i686-1/lib/startup_LPC17xx.o
                0x00001374                NMI_Handler
                0x00001376                HardFault_Handler
                0x00001378                MemManage_Handler
                0x0000137a                BusFault_Handler
                0x0000137c                UsageFault_Handler
                0x0000137e                SVC_Handler
                0x00001380                DebugMon_Handler
                0x00001382                PendSV_Handler
                0x00001386                TIMER2_IRQHandler
                0x00001386                RIT_IRQHandler
                0x00001386                I2C0_IRQHandler
                0x00001386                USBActivity_IRQHandler
                0x00001386                PWM1_IRQHandler
                0x00001386                I2C1_IRQHandler
                0x00001386                EINT2_IRQHandler
                0x00001386                UART1_IRQHandler
                0x00001386                EINT3_IRQHandler
                0x00001386                CANActivity_IRQHandler
                0x00001386                TIMER3_IRQHandler
                0x00001386                UART0_IRQHandler
                0x00001386                PLL0_IRQHandler
                0x00001386                CAN_IRQHandler
                0x00001386                PLL1_IRQHandler
                0x00001386                SSP0_IRQHandler
                0x00001386                I2S_IRQHandler
                0x00001386                I2C2_IRQHandler
                0x00001386                RTC_IRQHandler
                0x00001386                TIMER0_IRQHandler
                0x00001386                SPI_IRQHandler
                0x00001386                EINT1_IRQHandler
                0x00001386                TIMER1_IRQHandler
                0x00001386                UART2_IRQHandler
                0x00001386                Default_Handler
                0x00001386                ADC_IRQHandler
                0x00001386                SSP1_IRQHandler
                0x00001386                USB_IRQHandler
                0x00001386                BOD_IRQHandler
                0x00001386                WDT_IRQHandler
                0x00001386                QEI_IRQHandler
                0x00001386                EINT0_IRQHandler
                0x00001386                DMA_IRQHandler
                0x00001386                UART3_IRQHandler
                0x00001386                MCPWM_IRQHandler
                0x00001386                ENET_IRQHandler
 .text          0x00001388       0x20 /opt/york/cs/net/sourcery-g++-lite-arm-eabi-2010.09.51-i686-1/arm-none-eabi/lib/thumb2/libc.a(lib_a-malloc.o)
                0x00001388                malloc
                0x00001398                free
 .text          0x000013a8      0x57c /opt/york/cs/net/sourcery-g++-lite-arm-eabi-2010.09.51-i686-1/arm-none-eabi/lib/thumb2/libc.a(lib_a-mallocr.o)
                0x000013a8                _malloc_r
 .text          0x00001924        0x8 /opt/york/cs/net/sourcery-g++-lite-arm-eabi-2010.09.51-i686-1/arm-none-eabi/lib/thumb2/libc.a(lib_a-mlock.o)
                0x00001924                __malloc_lock
                0x00001928                __malloc_unlock
 .text          0x0000192c       0x28 /opt/york/cs/net/sourcery-g++-lite-arm-eabi-2010.09.51-i686-1/arm-none-eabi/lib/thumb2/libc.a(lib_a-sbrkr.o)
                0x0000192c                _sbrk_r
 .text          0x00001954       0x94 /opt/york/cs/net/sourcery-g++-lite-arm-eabi-2010.09.51-i686-1/arm-none-eabi/lib/thumb2/libc.a(lib_a-sprintf.o)
                0x00001954                _sprintf_r
                0x00001998                sprintf
 .text          0x000019e8       0x60 /opt/york/cs/net/sourcery-g++-lite-arm-eabi-2010.09.51-i686-1/arm-none-eabi/lib/thumb2/libc.a(lib_a-strlen.o)
                0x000019e8                strlen
 .text          0x00001a48     0x1658 /opt/york/cs/net/sourcery-g++-lite-arm-eabi-2010.09.51-i686-1/arm-none-eabi/lib/thumb2/libc.a(lib_a-svfprintf.o)
                0x00001a48                _svfprintf_r
 .text          0x000030a0     0x1000 /opt/york/cs/net/sourcery-g++-lite-arm-eabi-2010.09.51-i686-1/arm-none-eabi/lib/thumb2/libc.a(lib_a-dtoa.o)
                0x000031cc                _dtoa_r
 .text          0x000040a0      0x240 /opt/york/cs/net/sourcery-g++-lite-arm-eabi-2010.09.51-i686-1/arm-none-eabi/lib/thumb2/libc.a(lib_a-freer.o)
                0x000040a0                _malloc_trim_r
                0x00004148                _free_r
 .text          0x000042e0        0x0 /opt/york/cs/net/sourcery-g++-lite-arm-eabi-2010.09.51-i686-1/arm-none-eabi/lib/thumb2/libc.a(lib_a-impure.o)
 .text          0x000042e0       0xa0 /opt/york/cs/net/sourcery-g++-lite-arm-eabi-2010.09.51-i686-1/arm-none-eabi/lib/thumb2/libc.a(lib_a-locale.o)
                0x000042e0                _setlocale_r
                0x0000433c                __locale_charset
                0x00004348                __locale_mb_cur_max
                0x00004354                __locale_msgcharset
                0x0000435c                __locale_cjk_lang
                0x00004360                _localeconv_r
                0x00004368                setlocale
                0x00004378                localeconv
 .text          0x00004380       0x88 /opt/york/cs/net/sourcery-g++-lite-arm-eabi-2010.09.51-i686-1/arm-none-eabi/lib/thumb2/libc.a(lib_a-memchr.o)
                0x00004380                memchr
 .text          0x00004408      0x150 /opt/york/cs/net/sourcery-g++-lite-arm-eabi-2010.09.51-i686-1/arm-none-eabi/lib/thumb2/libc.a(lib_a-memcpy.o)
                0x00004408                memcpy
 .text          0x00004558      0x920 /opt/york/cs/net/sourcery-g++-lite-arm-eabi-2010.09.51-i686-1/arm-none-eabi/lib/thumb2/libc.a(lib_a-mprec.o)
                0x00004558                _Balloc
                0x000045c0                _Bfree
                0x000045f8                __multadd
                0x0000467c                __s2b
                0x00004710                __hi0bits
                0x00004750                __lo0bits
                0x000047b4                __i2b
                0x000047c8                __multiply
                0x000048f0                __pow5mult
                0x00004994                __lshift
                0x00004a40                __mcmp
                0x00004a7c                __mdiff
                0x00004b74                __ulp
                0x00004bbc                __b2d
                0x00004c68                __d2b
                0x00004d30                __ratio
                0x00004da0                _mprec_log10
                0x00004dd4                __copybits
                0x00004e1c                __any_on
 .text          0x00004e78      0x114 /opt/york/cs/net/sourcery-g++-lite-arm-eabi-2010.09.51-i686-1/arm-none-eabi/lib/thumb2/libc.a(lib_a-reent.o)
                0x00004e78                cleanup_glue
                0x00004e94                _reclaim_reent
                0x00004f54                _wrapup_reent
 .text          0x00004f8c       0x90 /opt/york/cs/net/sourcery-g++-lite-arm-eabi-2010.09.51-i686-1/arm-none-eabi/lib/thumb2/libc.a(lib_a-s_fpclassify.o)
                0x00004f8c                __fpclassifyd
 .text          0x0000501c      0x1dc /opt/york/cs/net/sourcery-g++-lite-arm-eabi-2010.09.51-i686-1/arm-none-eabi/lib/thumb2/libc.a(lib_a-strcmp.o)
                0x0000501c                strcmp
 .text          0x000051f8      0xbe4 /opt/york/cs/net/sourcery-g++-lite-arm-eabi-2010.09.51-i686-1/arm-none-eabi/lib/thumb2/libc.a(lib_a-svfiprintf.o)
                0x000051f8                __ssprint_r
                0x00005300                _svfiprintf_r
 .text          0x00005ddc       0x5c /opt/york/cs/net/sourcery-g++-lite-arm-eabi-2010.09.51-i686-1/arm-none-eabi/lib/thumb2/libc.a(lib_a-callocr.o)
                0x00005ddc                _calloc_r
 .text          0x00005e38       0xa0 /opt/york/cs/net/sourcery-g++-lite-arm-eabi-2010.09.51-i686-1/arm-none-eabi/lib/thumb2/libc.a(lib_a-memmove.o)
                0x00005e38                memmove
 .text          0x00005ed8       0xb4 /opt/york/cs/net/sourcery-g++-lite-arm-eabi-2010.09.51-i686-1/arm-none-eabi/lib/thumb2/libc.a(lib_a-memset.o)
                0x00005ed8                memset
 .text          0x00005f8c      0x41c /opt/york/cs/net/sourcery-g++-lite-arm-eabi-2010.09.51-i686-1/arm-none-eabi/lib/thumb2/libc.a(lib_a-reallocr.o)
                0x00005f8c                _realloc_r
 .text          0x000063a8      0x278 /opt/york/cs/net/sourcery-g++-lite-arm-eabi-2010.09.51-i686-1/bin/../lib/gcc/arm-none-eabi/4.5.1/thumb2/libgcc.a(_udivsi3.o)
                0x000063a8                __udivsi3
                0x000063a8                __aeabi_uidiv
                0x00006604                __aeabi_uidivmod
 .text          0x00006620        0x4 /opt/york/cs/net/sourcery-g++-lite-arm-eabi-2010.09.51-i686-1/bin/../lib/gcc/arm-none-eabi/4.5.1/thumb2/libgcc.a(_dvmd_tls.o)
                0x00006620                __aeabi_ldiv0
                0x00006620                __aeabi_idiv0
 .text          0x00006624      0x370 /opt/york/cs/net/sourcery-g++-lite-arm-eabi-2010.09.51-i686-1/bin/../lib/gcc/arm-none-eabi/4.5.1/thumb2/libgcc.a(_arm_addsubdf3.o)
                0x00006624                __aeabi_drsub
                0x0000662c                __aeabi_dsub
                0x0000662c                __subdf3
                0x00006630                __adddf3
                0x00006630                __aeabi_dadd
                0x000068a8                __aeabi_ui2d
                0x000068a8                __floatunsidf
                0x000068c8                __floatsidf
                0x000068c8                __aeabi_i2d
                0x000068ec                __extendsfdf2
                0x000068ec                __aeabi_f2d
                0x00006928                __aeabi_ul2d
                0x00006928                __floatundidf
                0x00006938                __floatdidf
                0x00006938                __aeabi_l2d
 .text          0x00006994      0x424 /opt/york/cs/net/sourcery-g++-lite-arm-eabi-2010.09.51-i686-1/bin/../lib/gcc/arm-none-eabi/4.5.1/thumb2/libgcc.a(_arm_muldivdf3.o)
                0x00006994                __aeabi_dmul
                0x00006994                __muldf3
                0x00006be8                __aeabi_ddiv
                0x00006be8                __divdf3
 .text          0x00006db8      0x110 /opt/york/cs/net/sourcery-g++-lite-arm-eabi-2010.09.51-i686-1/bin/../lib/gcc/arm-none-eabi/4.5.1/thumb2/libgcc.a(_arm_cmpdf2.o)
                0x00006db8                __gtdf2
                0x00006db8                __gedf2
                0x00006dc0                __ltdf2
                0x00006dc0                __ledf2
                0x00006dc8                __cmpdf2
                0x00006dc8                __eqdf2
                0x00006dc8                __nedf2
                0x00006e44                __aeabi_cdrcmple
                0x00006e54                __aeabi_cdcmple
                0x00006e54                __aeabi_cdcmpeq
                0x00006e64                __aeabi_dcmpeq
                0x00006e78                __aeabi_dcmplt
                0x00006e8c                __aeabi_dcmple
                0x00006ea0                __aeabi_dcmpge
                0x00006eb4                __aeabi_dcmpgt
 .text          0x00006ec8       0x50 /opt/york/cs/net/sourcery-g++-lite-arm-eabi-2010.09.51-i686-1/bin/../lib/gcc/arm-none-eabi/4.5.1/thumb2/libgcc.a(_arm_fixdfsi.o)
                0x00006ec8                __fixdfsi
                0x00006ec8                __aeabi_d2iz
 .text          0x00006f18       0x2c /opt/york/cs/net/sourcery-g++-lite-arm-eabi-2010.09.51-i686-1/bin/../lib/gcc/arm-none-eabi/4.5.1/thumb2/libgcc.a(_aeabi_uldivmod.o)
                0x00006f18                __aeabi_uldivmod
 .text          0x00006f44       0x60 /opt/york/cs/net/sourcery-g++-lite-arm-eabi-2010.09.51-i686-1/bin/../lib/gcc/arm-none-eabi/4.5.1/thumb2/libgcc.a(bpabi.o)
                0x00006f44                __gnu_ldivmod_helper
                0x00006f74                __gnu_uldivmod_helper
 .text          0x00006fa4      0x364 /opt/york/cs/net/sourcery-g++-lite-arm-eabi-2010.09.51-i686-1/bin/../lib/gcc/arm-none-eabi/4.5.1/thumb2/libgcc.a(_divdi3.o)
                0x00006fa4                __divdi3
 .text          0x00007308      0x314 /opt/york/cs/net/sourcery-g++-lite-arm-eabi-2010.09.51-i686-1/bin/../lib/gcc/arm-none-eabi/4.5.1/thumb2/libgcc.a(_udivdi3.o)
                0x00007308                __udivdi3
 .text          0x0000761c       0x30 /opt/york/cs/net/sourcery-g++-lite-arm-eabi-2010.09.51-i686-1/arm-none-eabi/lib/thumb2/libcs3.a(start_c.o)
                0x0000761c                __cs3_premain
 .text.cs3.init
                0x0000764c       0x50 /opt/york/cs/net/sourcery-g++-lite-arm-eabi-2010.09.51-i686-1/arm-none-eabi/lib/thumb2/libcs3.a(start_c.o)
                0x0000764c                __cs3_start_c
 .text          0x0000769c       0x40 /opt/york/cs/net/sourcery-g++-lite-arm-eabi-2010.09.51-i686-1/arm-none-eabi/lib/thumb2/libcs3unhosted.a(unhosted-sbrk.o)
                0x0000769c                _sbrk
 .text          0x000076dc        0x0 /opt/york/cs/net/sourcery-g++-lite-arm-eabi-2010.09.51-i686-1/arm-none-eabi/lib/thumb2/libcs3unhosted.a(unhosted-start.o)
 .text.cs3.init
                0x000076dc       0x10 /opt/york/cs/net/sourcery-g++-lite-arm-eabi-2010.09.51-i686-1/arm-none-eabi/lib/thumb2/libcs3unhosted.a(unhosted-start.o)
                0x000076dc                _start
 .text          0x000076ec        0xc /opt/york/cs/net/sourcery-g++-lite-arm-eabi-2010.09.51-i686-1/arm-none-eabi/lib/thumb2/libc.a(lib_a-errno.o)
                0x000076ec                __errno
 .text          0x000076f8       0x50 /opt/york/cs/net/sourcery-g++-lite-arm-eabi-2010.09.51-i686-1/arm-none-eabi/lib/thumb2/libc.a(lib_a-init.o)
                0x000076f8                __libc_init_array
 .text          0x00007748        0x0 /opt/york/cs/net/sourcery-g++-lite-arm-eabi-2010.09.51-i686-1/arm-none-eabi/lib/thumb2/libcs3.a(heap.o)
 .text          0x00007748        0x0 /opt/york/cs/net/lpc1700-cmsis-lite-2011.01.26-i686-1/lib/libDriversLPC17xxgnu.a(lpc17xx_adc.o)
 .text.ADC_Init
                0x00007748       0xa4 /opt/york/cs/net/lpc1700-cmsis-lite-2011.01.26-i686-1/lib/libDriversLPC17xxgnu.a(lpc17xx_adc.o)
                0x00007748                ADC_Init
 .text.ADC_DeInit
                0x000077ec       0x48 /opt/york/cs/net/lpc1700-cmsis-lite-2011.01.26-i686-1/lib/libDriversLPC17xxgnu.a(lpc17xx_adc.o)
                0x000077ec                ADC_DeInit
 .text.ADC_GetData
                0x00007834       0x38 /opt/york/cs/net/lpc1700-cmsis-lite-2011.01.26-i686-1/lib/libDriversLPC17xxgnu.a(lpc17xx_adc.o)
                0x00007834                ADC_GetData
 .text.ADC_StartCmd
                0x0000786c       0x90 /opt/york/cs/net/lpc1700-cmsis-lite-2011.01.26-i686-1/lib/libDriversLPC17xxgnu.a(lpc17xx_adc.o)
                0x0000786c                ADC_StartCmd
 .text.ADC_BurstCmd
                0x000078fc       0x50 /opt/york/cs/net/lpc1700-cmsis-lite-2011.01.26-i686-1/lib/libDriversLPC17xxgnu.a(lpc17xx_adc.o)
                0x000078fc                ADC_BurstCmd
 .text.ADC_PowerdownCmd
                0x0000794c       0x50 /opt/york/cs/net/lpc1700-cmsis-lite-2011.01.26-i686-1/lib/libDriversLPC17xxgnu.a(lpc17xx_adc.o)
                0x0000794c                ADC_PowerdownCmd
 .text.ADC_EdgeStartConfig
                0x0000799c       0x6c /opt/york/cs/net/lpc1700-cmsis-lite-2011.01.26-i686-1/lib/libDriversLPC17xxgnu.a(lpc17xx_adc.o)
                0x0000799c                ADC_EdgeStartConfig
 .text.ADC_IntConfig
                0x00007a08       0xb4 /opt/york/cs/net/lpc1700-cmsis-lite-2011.01.26-i686-1/lib/libDriversLPC17xxgnu.a(lpc17xx_adc.o)
                0x00007a08                ADC_IntConfig
 .text.ADC_ChannelCmd
                0x00007abc       0x70 /opt/york/cs/net/lpc1700-cmsis-lite-2011.01.26-i686-1/lib/libDriversLPC17xxgnu.a(lpc17xx_adc.o)
                0x00007abc                ADC_ChannelCmd
 .text.ADC_ChannelGetData
                0x00007b2c       0x58 /opt/york/cs/net/lpc1700-cmsis-lite-2011.01.26-i686-1/lib/libDriversLPC17xxgnu.a(lpc17xx_adc.o)
                0x00007b2c                ADC_ChannelGetData
 .text.ADC_ChannelGetStatus
                0x00007b84       0x8c /opt/york/cs/net/lpc1700-cmsis-lite-2011.01.26-i686-1/lib/libDriversLPC17xxgnu.a(lpc17xx_adc.o)
                0x00007b84                ADC_ChannelGetStatus
 .text.ADC_GlobalGetData
                0x00007c10       0x34 /opt/york/cs/net/lpc1700-cmsis-lite-2011.01.26-i686-1/lib/libDriversLPC17xxgnu.a(lpc17xx_adc.o)
                0x00007c10                ADC_GlobalGetData
 .text.ADC_GlobalGetStatus
                0x00007c44       0x7c /opt/york/cs/net/lpc1700-cmsis-lite-2011.01.26-i686-1/lib/libDriversLPC17xxgnu.a(lpc17xx_adc.o)
                0x00007c44                ADC_GlobalGetStatus
 .text          0x00007cc0        0x0 /opt/york/cs/net/lpc1700-cmsis-lite-2011.01.26-i686-1/lib/libDriversLPC17xxgnu.a(lpc17xx_clkpwr.o)
 .text.CLKPWR_SetPCLKDiv
                0x00007cc0       0xd4 /opt/york/cs/net/lpc1700-cmsis-lite-2011.01.26-i686-1/lib/libDriversLPC17xxgnu.a(lpc17xx_clkpwr.o)
                0x00007cc0                CLKPWR_SetPCLKDiv
 .text.CLKPWR_GetPCLKSEL
                0x00007d94       0x54 /opt/york/cs/net/lpc1700-cmsis-lite-2011.01.26-i686-1/lib/libDriversLPC17xxgnu.a(lpc17xx_clkpwr.o)
                0x00007d94                CLKPWR_GetPCLKSEL
 .text.CLKPWR_GetPCLK
                0x00007de8       0x70 /opt/york/cs/net/lpc1700-cmsis-lite-2011.01.26-i686-1/lib/libDriversLPC17xxgnu.a(lpc17xx_clkpwr.o)
                0x00007de8                CLKPWR_GetPCLK
 .text.CLKPWR_ConfigPPWR
                0x00007e58       0x80 /opt/york/cs/net/lpc1700-cmsis-lite-2011.01.26-i686-1/lib/libDriversLPC17xxgnu.a(lpc17xx_clkpwr.o)
                0x00007e58                CLKPWR_ConfigPPWR
 .text.CLKPWR_Sleep
                0x00007ed8       0x1c /opt/york/cs/net/lpc1700-cmsis-lite-2011.01.26-i686-1/lib/libDriversLPC17xxgnu.a(lpc17xx_clkpwr.o)
                0x00007ed8                CLKPWR_Sleep
 .text.CLKPWR_DeepSleep
                0x00007ef4       0x2c /opt/york/cs/net/lpc1700-cmsis-lite-2011.01.26-i686-1/lib/libDriversLPC17xxgnu.a(lpc17xx_clkpwr.o)
                0x00007ef4                CLKPWR_DeepSleep
 .text.CLKPWR_PowerDown
                0x00007f20       0x2c /opt/york/cs/net/lpc1700-cmsis-lite-2011.01.26-i686-1/lib/libDriversLPC17xxgnu.a(lpc17xx_clkpwr.o)
                0x00007f20                CLKPWR_PowerDown
 .text.CLKPWR_DeepPowerDown
                0x00007f4c       0x2c /opt/york/cs/net/lpc1700-cmsis-lite-2011.01.26-i686-1/lib/libDriversLPC17xxgnu.a(lpc17xx_clkpwr.o)
                0x00007f4c                CLKPWR_DeepPowerDown
 .text          0x00007f78        0x0 /opt/york/cs/net/lpc1700-cmsis-lite-2011.01.26-i686-1/lib/libDriversLPC17xxgnu.a(lpc17xx_i2c.o)
 .text.NVIC_EnableIRQ
                0x00007f78       0x38 /opt/york/cs/net/lpc1700-cmsis-lite-2011.01.26-i686-1/lib/libDriversLPC17xxgnu.a(lpc17xx_i2c.o)
 .text.NVIC_DisableIRQ
                0x00007fb0       0x3c /opt/york/cs/net/lpc1700-cmsis-lite-2011.01.26-i686-1/lib/libDriversLPC17xxgnu.a(lpc17xx_i2c.o)
 .text.I2C_getNum
                0x00007fec       0x54 /opt/york/cs/net/lpc1700-cmsis-lite-2011.01.26-i686-1/lib/libDriversLPC17xxgnu.a(lpc17xx_i2c.o)
 .text.I2C_Start
                0x00008040       0x44 /opt/york/cs/net/lpc1700-cmsis-lite-2011.01.26-i686-1/lib/libDriversLPC17xxgnu.a(lpc17xx_i2c.o)
 .text.I2C_Stop
                0x00008084       0x38 /opt/york/cs/net/lpc1700-cmsis-lite-2011.01.26-i686-1/lib/libDriversLPC17xxgnu.a(lpc17xx_i2c.o)
 .text.I2C_SendByte
                0x000080bc       0x50 /opt/york/cs/net/lpc1700-cmsis-lite-2011.01.26-i686-1/lib/libDriversLPC17xxgnu.a(lpc17xx_i2c.o)
 .text.I2C_GetByte
                0x0000810c       0x5c /opt/york/cs/net/lpc1700-cmsis-lite-2011.01.26-i686-1/lib/libDriversLPC17xxgnu.a(lpc17xx_i2c.o)
 .text.I2C_SetClock
                0x00008168       0xc8 /opt/york/cs/net/lpc1700-cmsis-lite-2011.01.26-i686-1/lib/libDriversLPC17xxgnu.a(lpc17xx_i2c.o)
 .text.I2C_Init
                0x00008230       0xd8 /opt/york/cs/net/lpc1700-cmsis-lite-2011.01.26-i686-1/lib/libDriversLPC17xxgnu.a(lpc17xx_i2c.o)
                0x00008230                I2C_Init
 .text.I2C_DeInit
                0x00008308       0xa4 /opt/york/cs/net/lpc1700-cmsis-lite-2011.01.26-i686-1/lib/libDriversLPC17xxgnu.a(lpc17xx_i2c.o)
                0x00008308                I2C_DeInit
 .text.I2C_Cmd  0x000083ac       0x84 /opt/york/cs/net/lpc1700-cmsis-lite-2011.01.26-i686-1/lib/libDriversLPC17xxgnu.a(lpc17xx_i2c.o)
                0x000083ac                I2C_Cmd
 .text.I2C_IntCmd
                0x00008430       0xa8 /opt/york/cs/net/lpc1700-cmsis-lite-2011.01.26-i686-1/lib/libDriversLPC17xxgnu.a(lpc17xx_i2c.o)
                0x00008430                I2C_IntCmd
 .text.I2C_MasterHandler
                0x000084d8      0x3d8 /opt/york/cs/net/lpc1700-cmsis-lite-2011.01.26-i686-1/lib/libDriversLPC17xxgnu.a(lpc17xx_i2c.o)
                0x000084d8                I2C_MasterHandler
 .text.I2C_SlaveHandler
                0x000088b0      0x1d8 /opt/york/cs/net/lpc1700-cmsis-lite-2011.01.26-i686-1/lib/libDriversLPC17xxgnu.a(lpc17xx_i2c.o)
                0x000088b0                I2C_SlaveHandler
 .text.I2C_MasterTransferData
                0x00008a88      0x33c /opt/york/cs/net/lpc1700-cmsis-lite-2011.01.26-i686-1/lib/libDriversLPC17xxgnu.a(lpc17xx_i2c.o)
                0x00008a88                I2C_MasterTransferData
 .text.I2C_SlaveTransferData
                0x00008dc4      0x268 /opt/york/cs/net/lpc1700-cmsis-lite-2011.01.26-i686-1/lib/libDriversLPC17xxgnu.a(lpc17xx_i2c.o)
                0x00008dc4                I2C_SlaveTransferData
 .text.I2C_SetOwnSlaveAddr
                0x0000902c      0x118 /opt/york/cs/net/lpc1700-cmsis-lite-2011.01.26-i686-1/lib/libDriversLPC17xxgnu.a(lpc17xx_i2c.o)
                0x0000902c                I2C_SetOwnSlaveAddr
 .text.I2C_MonitorModeConfig
                0x00009144       0x9c /opt/york/cs/net/lpc1700-cmsis-lite-2011.01.26-i686-1/lib/libDriversLPC17xxgnu.a(lpc17xx_i2c.o)
                0x00009144                I2C_MonitorModeConfig
 .text.I2C_MonitorModeCmd
                0x000091e0       0xb0 /opt/york/cs/net/lpc1700-cmsis-lite-2011.01.26-i686-1/lib/libDriversLPC17xxgnu.a(lpc17xx_i2c.o)
                0x000091e0                I2C_MonitorModeCmd
 .text.I2C_MonitorGetDatabuffer
                0x00009290       0x54 /opt/york/cs/net/lpc1700-cmsis-lite-2011.01.26-i686-1/lib/libDriversLPC17xxgnu.a(lpc17xx_i2c.o)
                0x00009290                I2C_MonitorGetDatabuffer
 .text.I2C_MonitorHandler
                0x000092e4       0x6c /opt/york/cs/net/lpc1700-cmsis-lite-2011.01.26-i686-1/lib/libDriversLPC17xxgnu.a(lpc17xx_i2c.o)
                0x000092e4                I2C_MonitorHandler
 .text.I2C_MasterTransferComplete
                0x00009350       0x40 /opt/york/cs/net/lpc1700-cmsis-lite-2011.01.26-i686-1/lib/libDriversLPC17xxgnu.a(lpc17xx_i2c.o)
                0x00009350                I2C_MasterTransferComplete
 .text.I2C_SlaveTransferComplete
                0x00009390       0x40 /opt/york/cs/net/lpc1700-cmsis-lite-2011.01.26-i686-1/lib/libDriversLPC17xxgnu.a(lpc17xx_i2c.o)
                0x00009390                I2C_SlaveTransferComplete
 .text          0x000093d0        0x0 /opt/york/cs/net/lpc1700-cmsis-lite-2011.01.26-i686-1/lib/libDriversLPC17xxgnu.a(lpc17xx_libcfg_default.o)
 .text.check_failed
                0x000093d0        0xc /opt/york/cs/net/lpc1700-cmsis-lite-2011.01.26-i686-1/lib/libDriversLPC17xxgnu.a(lpc17xx_libcfg_default.o)
                0x000093d0                check_failed
 .text          0x000093dc        0x0 /opt/york/cs/net/lpc1700-cmsis-lite-2011.01.26-i686-1/lib/libDriversLPC17xxgnu.a(lpc17xx_pinsel.o)
 .text.set_PinFunc
                0x000093dc       0xa0 /opt/york/cs/net/lpc1700-cmsis-lite-2011.01.26-i686-1/lib/libDriversLPC17xxgnu.a(lpc17xx_pinsel.o)
 .text.set_ResistorMode
                0x0000947c       0xa0 /opt/york/cs/net/lpc1700-cmsis-lite-2011.01.26-i686-1/lib/libDriversLPC17xxgnu.a(lpc17xx_pinsel.o)
 .text.set_OpenDrainMode
                0x0000951c       0x80 /opt/york/cs/net/lpc1700-cmsis-lite-2011.01.26-i686-1/lib/libDriversLPC17xxgnu.a(lpc17xx_pinsel.o)
 .text.PINSEL_ConfigTraceFunc
                0x0000959c       0x54 /opt/york/cs/net/lpc1700-cmsis-lite-2011.01.26-i686-1/lib/libDriversLPC17xxgnu.a(lpc17xx_pinsel.o)
                0x0000959c                PINSEL_ConfigTraceFunc
 .text.PINSEL_SetI2C0Pins
                0x000095f0       0x3c /opt/york/cs/net/lpc1700-cmsis-lite-2011.01.26-i686-1/lib/libDriversLPC17xxgnu.a(lpc17xx_pinsel.o)
                0x000095f0                PINSEL_SetI2C0Pins
 .text.PINSEL_ConfigPin
                0x0000962c       0x54 /opt/york/cs/net/lpc1700-cmsis-lite-2011.01.26-i686-1/lib/libDriversLPC17xxgnu.a(lpc17xx_pinsel.o)
                0x0000962c                PINSEL_ConfigPin
 .text          0x00009680        0x0 /opt/york/cs/net/lpc1700-cmsis-lite-2011.01.26-i686-1/lib/libDriversLPC17xxgnu.a(lpc17xx_uart.o)
 .text.uart_set_divisors
                0x00009680      0x26c /opt/york/cs/net/lpc1700-cmsis-lite-2011.01.26-i686-1/lib/libDriversLPC17xxgnu.a(lpc17xx_uart.o)
 .text.UART_Init
                0x000098ec      0x368 /opt/york/cs/net/lpc1700-cmsis-lite-2011.01.26-i686-1/lib/libDriversLPC17xxgnu.a(lpc17xx_uart.o)
                0x000098ec                UART_Init
 .text.UART_DeInit
                0x00009c54       0xcc /opt/york/cs/net/lpc1700-cmsis-lite-2011.01.26-i686-1/lib/libDriversLPC17xxgnu.a(lpc17xx_uart.o)
                0x00009c54                UART_DeInit
 .text.UART_ConfigStructInit
                0x00009d20       0x34 /opt/york/cs/net/lpc1700-cmsis-lite-2011.01.26-i686-1/lib/libDriversLPC17xxgnu.a(lpc17xx_uart.o)
                0x00009d20                UART_ConfigStructInit
 .text.UART_SendByte
                0x00009d54       0x78 /opt/york/cs/net/lpc1700-cmsis-lite-2011.01.26-i686-1/lib/libDriversLPC17xxgnu.a(lpc17xx_uart.o)
                0x00009d54                UART_SendByte
 .text.UART_ReceiveByte
                0x00009dcc       0x78 /opt/york/cs/net/lpc1700-cmsis-lite-2011.01.26-i686-1/lib/libDriversLPC17xxgnu.a(lpc17xx_uart.o)
                0x00009dcc                UART_ReceiveByte
 .text.UART_Send
                0x00009e44      0x10c /opt/york/cs/net/lpc1700-cmsis-lite-2011.01.26-i686-1/lib/libDriversLPC17xxgnu.a(lpc17xx_uart.o)
                0x00009e44                UART_Send
 .text.UART_Receive
                0x00009f50       0xd8 /opt/york/cs/net/lpc1700-cmsis-lite-2011.01.26-i686-1/lib/libDriversLPC17xxgnu.a(lpc17xx_uart.o)
                0x00009f50                UART_Receive
 .text.UART_ForceBreak
                0x0000a028       0x88 /opt/york/cs/net/lpc1700-cmsis-lite-2011.01.26-i686-1/lib/libDriversLPC17xxgnu.a(lpc17xx_uart.o)
                0x0000a028                UART_ForceBreak
 .text.UART_IntConfig
                0x0000a0b0      0x1d0 /opt/york/cs/net/lpc1700-cmsis-lite-2011.01.26-i686-1/lib/libDriversLPC17xxgnu.a(lpc17xx_uart.o)
                0x0000a0b0                UART_IntConfig
 .text.UART_GetLineStatus
                0x0000a280       0x7c /opt/york/cs/net/lpc1700-cmsis-lite-2011.01.26-i686-1/lib/libDriversLPC17xxgnu.a(lpc17xx_uart.o)
                0x0000a280                UART_GetLineStatus
 .text.UART_GetIntId
                0x0000a2fc       0x68 /opt/york/cs/net/lpc1700-cmsis-lite-2011.01.26-i686-1/lib/libDriversLPC17xxgnu.a(lpc17xx_uart.o)
                0x0000a2fc                UART_GetIntId
 .text.UART_CheckBusy
                0x0000a364       0x2c /opt/york/cs/net/lpc1700-cmsis-lite-2011.01.26-i686-1/lib/libDriversLPC17xxgnu.a(lpc17xx_uart.o)
                0x0000a364                UART_CheckBusy
 .text.UART_FIFOConfig
                0x0000a390      0x184 /opt/york/cs/net/lpc1700-cmsis-lite-2011.01.26-i686-1/lib/libDriversLPC17xxgnu.a(lpc17xx_uart.o)
                0x0000a390                UART_FIFOConfig
 .text.UART_FIFOConfigStructInit
                0x0000a514       0x34 /opt/york/cs/net/lpc1700-cmsis-lite-2011.01.26-i686-1/lib/libDriversLPC17xxgnu.a(lpc17xx_uart.o)
                0x0000a514                UART_FIFOConfigStructInit
 .text.UART_ABCmd
                0x0000a548      0x15c /opt/york/cs/net/lpc1700-cmsis-lite-2011.01.26-i686-1/lib/libDriversLPC17xxgnu.a(lpc17xx_uart.o)
                0x0000a548                UART_ABCmd
 .text.UART_ABClearIntPending
                0x0000a6a4       0x88 /opt/york/cs/net/lpc1700-cmsis-lite-2011.01.26-i686-1/lib/libDriversLPC17xxgnu.a(lpc17xx_uart.o)
                0x0000a6a4                UART_ABClearIntPending
 .text.UART_TxCmd
                0x0000a72c       0xe8 /opt/york/cs/net/lpc1700-cmsis-lite-2011.01.26-i686-1/lib/libDriversLPC17xxgnu.a(lpc17xx_uart.o)
                0x0000a72c                UART_TxCmd
 .text.UART_IrDAInvtInputCmd
                0x0000a814       0x84 /opt/york/cs/net/lpc1700-cmsis-lite-2011.01.26-i686-1/lib/libDriversLPC17xxgnu.a(lpc17xx_uart.o)
                0x0000a814                UART_IrDAInvtInputCmd
 .text.UART_IrDACmd
                0x0000a898       0x80 /opt/york/cs/net/lpc1700-cmsis-lite-2011.01.26-i686-1/lib/libDriversLPC17xxgnu.a(lpc17xx_uart.o)
                0x0000a898                UART_IrDACmd
 .text.UART_IrDAPulseDivConfig
                0x0000a918       0xac /opt/york/cs/net/lpc1700-cmsis-lite-2011.01.26-i686-1/lib/libDriversLPC17xxgnu.a(lpc17xx_uart.o)
                0x0000a918                UART_IrDAPulseDivConfig
 .text.UART_FullModemForcePinState
                0x0000a9c4       0xcc /opt/york/cs/net/lpc1700-cmsis-lite-2011.01.26-i686-1/lib/libDriversLPC17xxgnu.a(lpc17xx_uart.o)
                0x0000a9c4                UART_FullModemForcePinState
 .text.UART_FullModemConfigMode
                0x0000aa90       0xd8 /opt/york/cs/net/lpc1700-cmsis-lite-2011.01.26-i686-1/lib/libDriversLPC17xxgnu.a(lpc17xx_uart.o)
                0x0000aa90                UART_FullModemConfigMode
 .text.UART_FullModemGetStatus
                0x0000ab68       0x38 /opt/york/cs/net/lpc1700-cmsis-lite-2011.01.26-i686-1/lib/libDriversLPC17xxgnu.a(lpc17xx_uart.o)
                0x0000ab68                UART_FullModemGetStatus
 .text.UART_RS485Config
                0x0000aba0      0x1bc /opt/york/cs/net/lpc1700-cmsis-lite-2011.01.26-i686-1/lib/libDriversLPC17xxgnu.a(lpc17xx_uart.o)
                0x0000aba0                UART_RS485Config
 .text.UART_RS485ReceiverCmd
                0x0000ad5c       0x48 /opt/york/cs/net/lpc1700-cmsis-lite-2011.01.26-i686-1/lib/libDriversLPC17xxgnu.a(lpc17xx_uart.o)
                0x0000ad5c                UART_RS485ReceiverCmd
 .text.UART_RS485Send
                0x0000ada4       0x84 /opt/york/cs/net/lpc1700-cmsis-lite-2011.01.26-i686-1/lib/libDriversLPC17xxgnu.a(lpc17xx_uart.o)
                0x0000ada4                UART_RS485Send
 .text.UART_RS485SendSlvAddr
                0x0000ae28       0x28 /opt/york/cs/net/lpc1700-cmsis-lite-2011.01.26-i686-1/lib/libDriversLPC17xxgnu.a(lpc17xx_uart.o)
                0x0000ae28                UART_RS485SendSlvAddr
 .text.UART_RS485SendData
                0x0000ae50       0x28 /opt/york/cs/net/lpc1700-cmsis-lite-2011.01.26-i686-1/lib/libDriversLPC17xxgnu.a(lpc17xx_uart.o)
                0x0000ae50                UART_RS485SendData
 .text          0x0000ae78        0x0 /opt/york/cs/net/sourcery-g++-lite-arm-eabi-2010.09.51-i686-1/bin/../lib/gcc/arm-none-eabi/4.5.1/thumb2/crtend.o
 .text          0x0000ae78        0x0 /opt/york/cs/net/sourcery-g++-lite-arm-eabi-2010.09.51-i686-1/bin/../lib/gcc/arm-none-eabi/4.5.1/thumb2/crtn.o
 *(.plt)
 *(.gnu.warning)
 *(.glue_7t)
 .glue_7t       0x00000000        0x0 linker stubs
 *(.glue_7)
 .glue_7        0x00000000        0x0 linker stubs
 *(.vfp11_veneer)
 .vfp11_veneer  0x00000000        0x0 linker stubs
 *(.rodata .rodata.* .gnu.linkonce.r.*)
 .rodata        0x0000ae78       0xc8 irSense.o
 .rodata.C.0.2899
                0x0000af40       0x10 KeyAccess.o
 .rodata        0x0000af50       0x14 LDC_PrintHelloWorld.o
 .rodata.C.8.5048
                0x0000af64        0x4 LDC_PrintHelloWorld.o
 .rodata.C.9.5049
                0x0000af68       0x14 LDC_PrintHelloWorld.o
 .rodata.C.10.5050
                0x0000af7c        0xc LDC_PrintHelloWorld.o
 .rodata        0x0000af88       0x20 /opt/york/cs/net/sourcery-g++-lite-arm-eabi-2010.09.51-i686-1/arm-none-eabi/lib/thumb2/libc.a(lib_a-svfprintf.o)
 .rodata.str1.4
                0x0000afa8       0x42 /opt/york/cs/net/sourcery-g++-lite-arm-eabi-2010.09.51-i686-1/arm-none-eabi/lib/thumb2/libc.a(lib_a-svfprintf.o)
                                 0x44 (size before relaxing)
 *fill*         0x0000afea        0x2 00
 .rodata.str1.4
                0x0000afec       0x10 /opt/york/cs/net/sourcery-g++-lite-arm-eabi-2010.09.51-i686-1/arm-none-eabi/lib/thumb2/libc.a(lib_a-dtoa.o)
                                 0x14 (size before relaxing)
 .rodata        0x0000affc        0x4 /opt/york/cs/net/sourcery-g++-lite-arm-eabi-2010.09.51-i686-1/arm-none-eabi/lib/thumb2/libc.a(lib_a-impure.o)
                0x0000affc                _global_impure_ptr
 .rodata.str1.4
                0x0000b000        0x2 /opt/york/cs/net/sourcery-g++-lite-arm-eabi-2010.09.51-i686-1/arm-none-eabi/lib/thumb2/libc.a(lib_a-impure.o)
                                  0x4 (size before relaxing)
 *fill*         0x0000b002        0x2 00
 .rodata.str1.4
                0x0000b004        0xc /opt/york/cs/net/sourcery-g++-lite-arm-eabi-2010.09.51-i686-1/arm-none-eabi/lib/thumb2/libc.a(lib_a-locale.o)
                                 0x14 (size before relaxing)
 .rodata        0x0000b010      0x128 /opt/york/cs/net/sourcery-g++-lite-arm-eabi-2010.09.51-i686-1/arm-none-eabi/lib/thumb2/libc.a(lib_a-mprec.o)
                0x0000b020                __mprec_tens
                0x0000b0e8                __mprec_bigtens
                0x0000b110                __mprec_tinytens
 .rodata        0x0000b138       0x20 /opt/york/cs/net/sourcery-g++-lite-arm-eabi-2010.09.51-i686-1/arm-none-eabi/lib/thumb2/libc.a(lib_a-svfiprintf.o)
 .rodata.str1.4
                0x00000000       0x30 /opt/york/cs/net/sourcery-g++-lite-arm-eabi-2010.09.51-i686-1/arm-none-eabi/lib/thumb2/libc.a(lib_a-svfiprintf.o)
 .rodata        0x0000b158       0x10 /opt/york/cs/net/lpc1700-cmsis-lite-2011.01.26-i686-1/lib/libDriversLPC17xxgnu.a(lpc17xx_adc.o)
 .rodata        0x0000b168       0x10 /opt/york/cs/net/lpc1700-cmsis-lite-2011.01.26-i686-1/lib/libDriversLPC17xxgnu.a(lpc17xx_i2c.o)
 .rodata        0x0000b178       0x10 /opt/york/cs/net/lpc1700-cmsis-lite-2011.01.26-i686-1/lib/libDriversLPC17xxgnu.a(lpc17xx_uart.o)
 *(.ARM.extab* .gnu.linkonce.armextab.*)
 .ARM.extab.cs3.reset
                0x0000b188        0x0 /opt/york/cs/net/lpc1700-cmsis-lite-2011.01.26-i686-1/lib/startup_LPC17xx.o
 .ARM.extab     0x0000b188        0x0 /opt/york/cs/net/sourcery-g++-lite-arm-eabi-2010.09.51-i686-1/bin/../lib/gcc/arm-none-eabi/4.5.1/thumb2/libgcc.a(_divdi3.o)
 .ARM.extab     0x0000b188        0x0 /opt/york/cs/net/sourcery-g++-lite-arm-eabi-2010.09.51-i686-1/bin/../lib/gcc/arm-none-eabi/4.5.1/thumb2/libgcc.a(_udivdi3.o)
 *(.gcc_except_table)
 *(.eh_frame_hdr)
 *(.eh_frame)
                0x0000b188                . = ALIGN (0x4)
 *(.init)
 .init          0x0000b188        0x4 /opt/york/cs/net/sourcery-g++-lite-arm-eabi-2010.09.51-i686-1/bin/../lib/gcc/arm-none-eabi/4.5.1/thumb2/crti.o
                0x0000b188                _init
 .init          0x0000b18c        0x8 /opt/york/cs/net/sourcery-g++-lite-arm-eabi-2010.09.51-i686-1/bin/../lib/gcc/arm-none-eabi/4.5.1/thumb2/crtn.o
                0x0000b194                . = ALIGN (0x4)
                0x0000b194                __preinit_array_start = .
 *(.preinit_array)
                0x0000b194                __preinit_array_end = .
                0x0000b194                . = ALIGN (0x4)
                0x0000b194                __init_array_start = .
 *(SORT(.init_array.*))
 *(.init_array)
 .init_array    0x0000b194        0x4 /opt/york/cs/net/sourcery-g++-lite-arm-eabi-2010.09.51-i686-1/bin/../lib/gcc/arm-none-eabi/4.5.1/thumb2/crtbegin.o
                0x0000b198                __init_array_end = .
                0x0000b198                . = ALIGN (0x4)
 *crtbegin.o(.ctors)
 *(EXCLUDE_FILE(*crtend.o) .ctors)
 *(SORT(.ctors.*))
 *crtend.o(.ctors)
                0x0000b198                . = ALIGN (0x4)
 *(.fini)
 .fini          0x0000b198        0x4 /opt/york/cs/net/sourcery-g++-lite-arm-eabi-2010.09.51-i686-1/bin/../lib/gcc/arm-none-eabi/4.5.1/thumb2/crti.o
                0x0000b198                _fini
 .fini          0x0000b19c        0x8 /opt/york/cs/net/sourcery-g++-lite-arm-eabi-2010.09.51-i686-1/bin/../lib/gcc/arm-none-eabi/4.5.1/thumb2/crtn.o
                0x0000b1a4                . = ALIGN (0x4)
                0x0000b1a4                __fini_array_start = .
 *(.fini_array)
 .fini_array    0x0000b1a4        0x4 /opt/york/cs/net/sourcery-g++-lite-arm-eabi-2010.09.51-i686-1/bin/../lib/gcc/arm-none-eabi/4.5.1/thumb2/crtbegin.o
 *(SORT(.fini_array.*))
                0x0000b1a8                __fini_array_end = .
 *crtbegin.o(.dtors)
 *(EXCLUDE_FILE(*crtend.o) .dtors)
 *(SORT(.dtors.*))
 *crtend.o(.dtors)
                0x0000b1a8                . = ALIGN (0x4)
                0x0000b1a8                __cs3_regions = .
                0x0000b1a8        0x4 LONG 0x0
                0x0000b1ac        0x4 LONG 0xb1c8 __cs3_region_init_ram
                0x0000b1b0        0x4 LONG 0x10000000 __cs3_region_start_ram
                0x0000b1b4        0x4 LONG 0x598 __cs3_region_init_size_ram
                0x0000b1b8        0x4 LONG 0x80 __cs3_region_zero_size_ram
                0x0000b1bc                __exidx_start = .

.v4_bx          0x0000b1bc        0x0
 .v4_bx         0x00000000        0x0 linker stubs

.ARM.exidx      0x0000b1bc        0x8
 *(.ARM.exidx* .gnu.linkonce.armexidx.*)
 .ARM.exidx.cs3.reset
                0x0000b1bc        0x8 /opt/york/cs/net/lpc1700-cmsis-lite-2011.01.26-i686-1/lib/startup_LPC17xx.o
 .ARM.exidx     0x0000b1c4        0x0 /opt/york/cs/net/sourcery-g++-lite-arm-eabi-2010.09.51-i686-1/bin/../lib/gcc/arm-none-eabi/4.5.1/thumb2/libgcc.a(_divdi3.o)
                                  0x8 (size before relaxing)
 .ARM.exidx     0x0000b1c4        0x0 /opt/york/cs/net/sourcery-g++-lite-arm-eabi-2010.09.51-i686-1/bin/../lib/gcc/arm-none-eabi/4.5.1/thumb2/libgcc.a(_udivdi3.o)
                                  0x8 (size before relaxing)
                0x0000b1c4                __exidx_end = .

.text.align     0x0000b1c4        0x4
                0x0000b1c8                . = ALIGN (0x8)
 *fill*         0x0000b1c4        0x4 00
                0x0000b1c8                _etext = .
                0x00080000                __cs3_region_size_rom = 0x80000
                0x00000001                __cs3_region_num = 0x1

.data           0x10000000      0x598 load address 0x0000b1c8
                0x10000000                __cs3_region_start_ram = .
 *(.cs3.region-head.ram)
 *(.jcr)
 .jcr           0x10000000        0x0 /opt/york/cs/net/sourcery-g++-lite-arm-eabi-2010.09.51-i686-1/bin/../lib/gcc/arm-none-eabi/4.5.1/thumb2/crtbegin.o
 .jcr           0x10000000        0x4 /opt/york/cs/net/sourcery-g++-lite-arm-eabi-2010.09.51-i686-1/bin/../lib/gcc/arm-none-eabi/4.5.1/thumb2/crtend.o
 *(.got.plt)
 *(.got)
 *(.shdata)
 *(.data .data.* .gnu.linkonce.d.*)
 .data          0x10000004        0x0 /opt/york/cs/net/sourcery-g++-lite-arm-eabi-2010.09.51-i686-1/bin/../lib/gcc/arm-none-eabi/4.5.1/thumb2/crti.o
 .data          0x10000004        0x4 /opt/york/cs/net/sourcery-g++-lite-arm-eabi-2010.09.51-i686-1/bin/../lib/gcc/arm-none-eabi/4.5.1/thumb2/crtbegin.o
                0x10000004                __dso_handle
 .data          0x10000008        0x0 irSense.o
 .data          0x10000008        0x0 Delay.o
 .data          0x10000008        0x0 SerialIO.o
 .data          0x10000008        0x0 I2C.o
 .data          0x10000008        0x0 ADC.o
 .data          0x10000008        0x0 KeyAccess.o
 .data          0x10000008        0x0 LDC_PrintHelloWorld.o
 .data          0x10000008        0x0 /opt/york/cs/net/lpc1700-cmsis-lite-2011.01.26-i686-1/lib/core_cm3.o
 .data          0x10000008        0x0 /opt/york/cs/net/lpc1700-cmsis-lite-2011.01.26-i686-1/lib/system_LPC17xx.o
 .data.SystemCoreClock
                0x10000008        0x4 /opt/york/cs/net/lpc1700-cmsis-lite-2011.01.26-i686-1/lib/system_LPC17xx.o
                0x10000008                SystemCoreClock
 .data          0x1000000c        0x0 /opt/york/cs/net/lpc1700-cmsis-lite-2011.01.26-i686-1/lib/startup_LPC17xx.o
 .data          0x1000000c        0x0 /opt/york/cs/net/sourcery-g++-lite-arm-eabi-2010.09.51-i686-1/arm-none-eabi/lib/thumb2/libc.a(lib_a-malloc.o)
 .data          0x1000000c      0x410 /opt/york/cs/net/sourcery-g++-lite-arm-eabi-2010.09.51-i686-1/arm-none-eabi/lib/thumb2/libc.a(lib_a-mallocr.o)
                0x1000000c                __malloc_av_
                0x10000414                __malloc_sbrk_base
                0x10000418                __malloc_trim_threshold
 .data          0x1000041c        0x0 /opt/york/cs/net/sourcery-g++-lite-arm-eabi-2010.09.51-i686-1/arm-none-eabi/lib/thumb2/libc.a(lib_a-mlock.o)
 .data          0x1000041c        0x0 /opt/york/cs/net/sourcery-g++-lite-arm-eabi-2010.09.51-i686-1/arm-none-eabi/lib/thumb2/libc.a(lib_a-sbrkr.o)
 .data          0x1000041c        0x0 /opt/york/cs/net/sourcery-g++-lite-arm-eabi-2010.09.51-i686-1/arm-none-eabi/lib/thumb2/libc.a(lib_a-sprintf.o)
 .data          0x1000041c        0x0 /opt/york/cs/net/sourcery-g++-lite-arm-eabi-2010.09.51-i686-1/arm-none-eabi/lib/thumb2/libc.a(lib_a-strlen.o)
 .data          0x1000041c        0x0 /opt/york/cs/net/sourcery-g++-lite-arm-eabi-2010.09.51-i686-1/arm-none-eabi/lib/thumb2/libc.a(lib_a-svfprintf.o)
 .data          0x1000041c        0x0 /opt/york/cs/net/sourcery-g++-lite-arm-eabi-2010.09.51-i686-1/arm-none-eabi/lib/thumb2/libc.a(lib_a-dtoa.o)
 .data          0x1000041c        0x0 /opt/york/cs/net/sourcery-g++-lite-arm-eabi-2010.09.51-i686-1/arm-none-eabi/lib/thumb2/libc.a(lib_a-freer.o)
 .data          0x1000041c       0xf4 /opt/york/cs/net/sourcery-g++-lite-arm-eabi-2010.09.51-i686-1/arm-none-eabi/lib/thumb2/libc.a(lib_a-impure.o)
                0x1000041c                _impure_ptr
 .data          0x10000510       0x7c /opt/york/cs/net/sourcery-g++-lite-arm-eabi-2010.09.51-i686-1/arm-none-eabi/lib/thumb2/libc.a(lib_a-locale.o)
                0x10000530                __mb_cur_max
 .data          0x1000058c        0x0 /opt/york/cs/net/sourcery-g++-lite-arm-eabi-2010.09.51-i686-1/arm-none-eabi/lib/thumb2/libc.a(lib_a-memchr.o)
 .data          0x1000058c        0x0 /opt/york/cs/net/sourcery-g++-lite-arm-eabi-2010.09.51-i686-1/arm-none-eabi/lib/thumb2/libc.a(lib_a-memcpy.o)
 .data          0x1000058c        0x0 /opt/york/cs/net/sourcery-g++-lite-arm-eabi-2010.09.51-i686-1/arm-none-eabi/lib/thumb2/libc.a(lib_a-mprec.o)
 .data          0x1000058c        0x0 /opt/york/cs/net/sourcery-g++-lite-arm-eabi-2010.09.51-i686-1/arm-none-eabi/lib/thumb2/libc.a(lib_a-reent.o)
 .data          0x1000058c        0x0 /opt/york/cs/net/sourcery-g++-lite-arm-eabi-2010.09.51-i686-1/arm-none-eabi/lib/thumb2/libc.a(lib_a-s_fpclassify.o)
 .data          0x1000058c        0x0 /opt/york/cs/net/sourcery-g++-lite-arm-eabi-2010.09.51-i686-1/arm-none-eabi/lib/thumb2/libc.a(lib_a-strcmp.o)
 .data          0x1000058c        0x0 /opt/york/cs/net/sourcery-g++-lite-arm-eabi-2010.09.51-i686-1/arm-none-eabi/lib/thumb2/libc.a(lib_a-svfiprintf.o)
 .data          0x1000058c        0x0 /opt/york/cs/net/sourcery-g++-lite-arm-eabi-2010.09.51-i686-1/arm-none-eabi/lib/thumb2/libc.a(lib_a-callocr.o)
 .data          0x1000058c        0x0 /opt/york/cs/net/sourcery-g++-lite-arm-eabi-2010.09.51-i686-1/arm-none-eabi/lib/thumb2/libc.a(lib_a-memmove.o)
 .data          0x1000058c        0x0 /opt/york/cs/net/sourcery-g++-lite-arm-eabi-2010.09.51-i686-1/arm-none-eabi/lib/thumb2/libc.a(lib_a-memset.o)
 .data          0x1000058c        0x0 /opt/york/cs/net/sourcery-g++-lite-arm-eabi-2010.09.51-i686-1/arm-none-eabi/lib/thumb2/libc.a(lib_a-reallocr.o)
 .data          0x1000058c        0x0 /opt/york/cs/net/sourcery-g++-lite-arm-eabi-2010.09.51-i686-1/bin/../lib/gcc/arm-none-eabi/4.5.1/thumb2/libgcc.a(_udivsi3.o)
 .data          0x1000058c        0x0 /opt/york/cs/net/sourcery-g++-lite-arm-eabi-2010.09.51-i686-1/bin/../lib/gcc/arm-none-eabi/4.5.1/thumb2/libgcc.a(_dvmd_tls.o)
 .data          0x1000058c        0x0 /opt/york/cs/net/sourcery-g++-lite-arm-eabi-2010.09.51-i686-1/bin/../lib/gcc/arm-none-eabi/4.5.1/thumb2/libgcc.a(_arm_addsubdf3.o)
 .data          0x1000058c        0x0 /opt/york/cs/net/sourcery-g++-lite-arm-eabi-2010.09.51-i686-1/bin/../lib/gcc/arm-none-eabi/4.5.1/thumb2/libgcc.a(_arm_muldivdf3.o)
 .data          0x1000058c        0x0 /opt/york/cs/net/sourcery-g++-lite-arm-eabi-2010.09.51-i686-1/bin/../lib/gcc/arm-none-eabi/4.5.1/thumb2/libgcc.a(_arm_cmpdf2.o)
 .data          0x1000058c        0x0 /opt/york/cs/net/sourcery-g++-lite-arm-eabi-2010.09.51-i686-1/bin/../lib/gcc/arm-none-eabi/4.5.1/thumb2/libgcc.a(_arm_fixdfsi.o)
 .data          0x1000058c        0x0 /opt/york/cs/net/sourcery-g++-lite-arm-eabi-2010.09.51-i686-1/bin/../lib/gcc/arm-none-eabi/4.5.1/thumb2/libgcc.a(_aeabi_uldivmod.o)
 .data          0x1000058c        0x0 /opt/york/cs/net/sourcery-g++-lite-arm-eabi-2010.09.51-i686-1/bin/../lib/gcc/arm-none-eabi/4.5.1/thumb2/libgcc.a(bpabi.o)
 .data          0x1000058c        0x0 /opt/york/cs/net/sourcery-g++-lite-arm-eabi-2010.09.51-i686-1/bin/../lib/gcc/arm-none-eabi/4.5.1/thumb2/libgcc.a(_divdi3.o)
 .data          0x1000058c        0x0 /opt/york/cs/net/sourcery-g++-lite-arm-eabi-2010.09.51-i686-1/bin/../lib/gcc/arm-none-eabi/4.5.1/thumb2/libgcc.a(_udivdi3.o)
 .data          0x1000058c        0x0 /opt/york/cs/net/sourcery-g++-lite-arm-eabi-2010.09.51-i686-1/arm-none-eabi/lib/thumb2/libcs3.a(start_c.o)
 .data          0x1000058c        0x4 /opt/york/cs/net/sourcery-g++-lite-arm-eabi-2010.09.51-i686-1/arm-none-eabi/lib/thumb2/libcs3unhosted.a(unhosted-sbrk.o)
 .data          0x10000590        0x0 /opt/york/cs/net/sourcery-g++-lite-arm-eabi-2010.09.51-i686-1/arm-none-eabi/lib/thumb2/libcs3unhosted.a(unhosted-start.o)
 .data          0x10000590        0x0 /opt/york/cs/net/sourcery-g++-lite-arm-eabi-2010.09.51-i686-1/arm-none-eabi/lib/thumb2/libc.a(lib_a-errno.o)
 .data          0x10000590        0x0 /opt/york/cs/net/sourcery-g++-lite-arm-eabi-2010.09.51-i686-1/arm-none-eabi/lib/thumb2/libc.a(lib_a-init.o)
 .data          0x10000590        0x4 /opt/york/cs/net/sourcery-g++-lite-arm-eabi-2010.09.51-i686-1/arm-none-eabi/lib/thumb2/libcs3.a(heap.o)
                0x10000590                __cs3_heap_limit
 .data          0x10000594        0x0 /opt/york/cs/net/lpc1700-cmsis-lite-2011.01.26-i686-1/lib/libDriversLPC17xxgnu.a(lpc17xx_adc.o)
 .data          0x10000594        0x0 /opt/york/cs/net/lpc1700-cmsis-lite-2011.01.26-i686-1/lib/libDriversLPC17xxgnu.a(lpc17xx_clkpwr.o)
 .data          0x10000594        0x0 /opt/york/cs/net/lpc1700-cmsis-lite-2011.01.26-i686-1/lib/libDriversLPC17xxgnu.a(lpc17xx_i2c.o)
 .data          0x10000594        0x0 /opt/york/cs/net/lpc1700-cmsis-lite-2011.01.26-i686-1/lib/libDriversLPC17xxgnu.a(lpc17xx_libcfg_default.o)
 .data          0x10000594        0x0 /opt/york/cs/net/lpc1700-cmsis-lite-2011.01.26-i686-1/lib/libDriversLPC17xxgnu.a(lpc17xx_pinsel.o)
 .data          0x10000594        0x0 /opt/york/cs/net/lpc1700-cmsis-lite-2011.01.26-i686-1/lib/libDriversLPC17xxgnu.a(lpc17xx_uart.o)
 .data          0x10000594        0x0 /opt/york/cs/net/sourcery-g++-lite-arm-eabi-2010.09.51-i686-1/bin/../lib/gcc/arm-none-eabi/4.5.1/thumb2/crtend.o
 .data          0x10000594        0x0 /opt/york/cs/net/sourcery-g++-lite-arm-eabi-2010.09.51-i686-1/bin/../lib/gcc/arm-none-eabi/4.5.1/thumb2/crtn.o
 *(.ram)
                0x10000598                . = ALIGN (0x8)
 *fill*         0x10000594        0x4 00
                0x10000598                _edata = .

.bss            0x10000598       0x80 load address 0x0000b760
 *(.shbss)
 *(.bss .bss.* .gnu.linkonce.b.*)
 .bss           0x10000598        0x0 /opt/york/cs/net/sourcery-g++-lite-arm-eabi-2010.09.51-i686-1/bin/../lib/gcc/arm-none-eabi/4.5.1/thumb2/crti.o
 .bss           0x10000598        0x1 /opt/york/cs/net/sourcery-g++-lite-arm-eabi-2010.09.51-i686-1/bin/../lib/gcc/arm-none-eabi/4.5.1/thumb2/crtbegin.o
 .bss           0x10000599        0x0 irSense.o
 .bss           0x10000599        0x0 Delay.o
 .bss           0x10000599        0x0 SerialIO.o
 .bss           0x10000599        0x0 I2C.o
 .bss           0x10000599        0x0 ADC.o
 .bss           0x10000599        0x0 KeyAccess.o
 .bss           0x10000599        0x0 LDC_PrintHelloWorld.o
 .bss           0x10000599        0x0 /opt/york/cs/net/lpc1700-cmsis-lite-2011.01.26-i686-1/lib/core_cm3.o
 .bss           0x10000599        0x0 /opt/york/cs/net/lpc1700-cmsis-lite-2011.01.26-i686-1/lib/system_LPC17xx.o
 .bss           0x10000599        0x0 /opt/york/cs/net/lpc1700-cmsis-lite-2011.01.26-i686-1/lib/startup_LPC17xx.o
 .bss           0x10000599        0x0 /opt/york/cs/net/sourcery-g++-lite-arm-eabi-2010.09.51-i686-1/arm-none-eabi/lib/thumb2/libc.a(lib_a-malloc.o)
 *fill*         0x10000599        0x3 00
 .bss           0x1000059c       0x34 /opt/york/cs/net/sourcery-g++-lite-arm-eabi-2010.09.51-i686-1/arm-none-eabi/lib/thumb2/libc.a(lib_a-mallocr.o)
                0x1000059c                __malloc_top_pad
                0x100005a0                __malloc_current_mallinfo
                0x100005c8                __malloc_max_sbrked_mem
                0x100005cc                __malloc_max_total_mem
 .bss           0x100005d0        0x0 /opt/york/cs/net/sourcery-g++-lite-arm-eabi-2010.09.51-i686-1/arm-none-eabi/lib/thumb2/libc.a(lib_a-mlock.o)
 .bss           0x100005d0        0x0 /opt/york/cs/net/sourcery-g++-lite-arm-eabi-2010.09.51-i686-1/arm-none-eabi/lib/thumb2/libc.a(lib_a-sbrkr.o)
 .bss           0x100005d0        0x0 /opt/york/cs/net/sourcery-g++-lite-arm-eabi-2010.09.51-i686-1/arm-none-eabi/lib/thumb2/libc.a(lib_a-sprintf.o)
 .bss           0x100005d0        0x0 /opt/york/cs/net/sourcery-g++-lite-arm-eabi-2010.09.51-i686-1/arm-none-eabi/lib/thumb2/libc.a(lib_a-strlen.o)
 .bss           0x100005d0        0x0 /opt/york/cs/net/sourcery-g++-lite-arm-eabi-2010.09.51-i686-1/arm-none-eabi/lib/thumb2/libc.a(lib_a-svfprintf.o)
 .bss           0x100005d0        0x0 /opt/york/cs/net/sourcery-g++-lite-arm-eabi-2010.09.51-i686-1/arm-none-eabi/lib/thumb2/libc.a(lib_a-dtoa.o)
 .bss           0x100005d0        0x0 /opt/york/cs/net/sourcery-g++-lite-arm-eabi-2010.09.51-i686-1/arm-none-eabi/lib/thumb2/libc.a(lib_a-freer.o)
 .bss           0x100005d0        0x0 /opt/york/cs/net/sourcery-g++-lite-arm-eabi-2010.09.51-i686-1/arm-none-eabi/lib/thumb2/libc.a(lib_a-impure.o)
 .bss           0x100005d0        0xc /opt/york/cs/net/sourcery-g++-lite-arm-eabi-2010.09.51-i686-1/arm-none-eabi/lib/thumb2/libc.a(lib_a-locale.o)
                0x100005d0                __nlocale_changed
                0x100005d4                __mlocale_changed
                0x100005d8                _PathLocale
 .bss           0x100005dc        0x0 /opt/york/cs/net/sourcery-g++-lite-arm-eabi-2010.09.51-i686-1/arm-none-eabi/lib/thumb2/libc.a(lib_a-memchr.o)
 .bss           0x100005dc        0x0 /opt/york/cs/net/sourcery-g++-lite-arm-eabi-2010.09.51-i686-1/arm-none-eabi/lib/thumb2/libc.a(lib_a-memcpy.o)
 .bss           0x100005dc        0x0 /opt/york/cs/net/sourcery-g++-lite-arm-eabi-2010.09.51-i686-1/arm-none-eabi/lib/thumb2/libc.a(lib_a-mprec.o)
 .bss           0x100005dc        0x0 /opt/york/cs/net/sourcery-g++-lite-arm-eabi-2010.09.51-i686-1/arm-none-eabi/lib/thumb2/libc.a(lib_a-reent.o)
 .bss           0x100005dc        0x0 /opt/york/cs/net/sourcery-g++-lite-arm-eabi-2010.09.51-i686-1/arm-none-eabi/lib/thumb2/libc.a(lib_a-s_fpclassify.o)
 .bss           0x100005dc        0x0 /opt/york/cs/net/sourcery-g++-lite-arm-eabi-2010.09.51-i686-1/arm-none-eabi/lib/thumb2/libc.a(lib_a-strcmp.o)
 .bss           0x100005dc        0x0 /opt/york/cs/net/sourcery-g++-lite-arm-eabi-2010.09.51-i686-1/arm-none-eabi/lib/thumb2/libc.a(lib_a-svfiprintf.o)
 .bss           0x100005dc        0x0 /opt/york/cs/net/sourcery-g++-lite-arm-eabi-2010.09.51-i686-1/arm-none-eabi/lib/thumb2/libc.a(lib_a-callocr.o)
 .bss           0x100005dc        0x0 /opt/york/cs/net/sourcery-g++-lite-arm-eabi-2010.09.51-i686-1/arm-none-eabi/lib/thumb2/libc.a(lib_a-memmove.o)
 .bss           0x100005dc        0x0 /opt/york/cs/net/sourcery-g++-lite-arm-eabi-2010.09.51-i686-1/arm-none-eabi/lib/thumb2/libc.a(lib_a-memset.o)
 .bss           0x100005dc        0x0 /opt/york/cs/net/sourcery-g++-lite-arm-eabi-2010.09.51-i686-1/arm-none-eabi/lib/thumb2/libc.a(lib_a-reallocr.o)
 .bss           0x100005dc        0x0 /opt/york/cs/net/sourcery-g++-lite-arm-eabi-2010.09.51-i686-1/bin/../lib/gcc/arm-none-eabi/4.5.1/thumb2/libgcc.a(_udivsi3.o)
 .bss           0x100005dc        0x0 /opt/york/cs/net/sourcery-g++-lite-arm-eabi-2010.09.51-i686-1/bin/../lib/gcc/arm-none-eabi/4.5.1/thumb2/libgcc.a(_dvmd_tls.o)
 .bss           0x100005dc        0x0 /opt/york/cs/net/sourcery-g++-lite-arm-eabi-2010.09.51-i686-1/bin/../lib/gcc/arm-none-eabi/4.5.1/thumb2/libgcc.a(_arm_addsubdf3.o)
 .bss           0x100005dc        0x0 /opt/york/cs/net/sourcery-g++-lite-arm-eabi-2010.09.51-i686-1/bin/../lib/gcc/arm-none-eabi/4.5.1/thumb2/libgcc.a(_arm_muldivdf3.o)
 .bss           0x100005dc        0x0 /opt/york/cs/net/sourcery-g++-lite-arm-eabi-2010.09.51-i686-1/bin/../lib/gcc/arm-none-eabi/4.5.1/thumb2/libgcc.a(_arm_cmpdf2.o)
 .bss           0x100005dc        0x0 /opt/york/cs/net/sourcery-g++-lite-arm-eabi-2010.09.51-i686-1/bin/../lib/gcc/arm-none-eabi/4.5.1/thumb2/libgcc.a(_arm_fixdfsi.o)
 .bss           0x100005dc        0x0 /opt/york/cs/net/sourcery-g++-lite-arm-eabi-2010.09.51-i686-1/bin/../lib/gcc/arm-none-eabi/4.5.1/thumb2/libgcc.a(_aeabi_uldivmod.o)
 .bss           0x100005dc        0x0 /opt/york/cs/net/sourcery-g++-lite-arm-eabi-2010.09.51-i686-1/bin/../lib/gcc/arm-none-eabi/4.5.1/thumb2/libgcc.a(bpabi.o)
 .bss           0x100005dc        0x0 /opt/york/cs/net/sourcery-g++-lite-arm-eabi-2010.09.51-i686-1/bin/../lib/gcc/arm-none-eabi/4.5.1/thumb2/libgcc.a(_divdi3.o)
 .bss           0x100005dc        0x0 /opt/york/cs/net/sourcery-g++-lite-arm-eabi-2010.09.51-i686-1/bin/../lib/gcc/arm-none-eabi/4.5.1/thumb2/libgcc.a(_udivdi3.o)
 .bss           0x100005dc        0x0 /opt/york/cs/net/sourcery-g++-lite-arm-eabi-2010.09.51-i686-1/arm-none-eabi/lib/thumb2/libcs3.a(start_c.o)
 .bss           0x100005dc        0x0 /opt/york/cs/net/sourcery-g++-lite-arm-eabi-2010.09.51-i686-1/arm-none-eabi/lib/thumb2/libcs3unhosted.a(unhosted-sbrk.o)
 .bss           0x100005dc        0x0 /opt/york/cs/net/sourcery-g++-lite-arm-eabi-2010.09.51-i686-1/arm-none-eabi/lib/thumb2/libcs3unhosted.a(unhosted-start.o)
 .bss           0x100005dc        0x0 /opt/york/cs/net/sourcery-g++-lite-arm-eabi-2010.09.51-i686-1/arm-none-eabi/lib/thumb2/libc.a(lib_a-errno.o)
 .bss           0x100005dc        0x0 /opt/york/cs/net/sourcery-g++-lite-arm-eabi-2010.09.51-i686-1/arm-none-eabi/lib/thumb2/libc.a(lib_a-init.o)
 .bss           0x100005dc        0x0 /opt/york/cs/net/sourcery-g++-lite-arm-eabi-2010.09.51-i686-1/arm-none-eabi/lib/thumb2/libcs3.a(heap.o)
 .bss           0x100005dc        0x0 /opt/york/cs/net/lpc1700-cmsis-lite-2011.01.26-i686-1/lib/libDriversLPC17xxgnu.a(lpc17xx_adc.o)
 .bss           0x100005dc        0x0 /opt/york/cs/net/lpc1700-cmsis-lite-2011.01.26-i686-1/lib/libDriversLPC17xxgnu.a(lpc17xx_clkpwr.o)
 .bss           0x100005dc        0x0 /opt/york/cs/net/lpc1700-cmsis-lite-2011.01.26-i686-1/lib/libDriversLPC17xxgnu.a(lpc17xx_i2c.o)
 .bss.i2cdat    0x100005dc       0x18 /opt/york/cs/net/lpc1700-cmsis-lite-2011.01.26-i686-1/lib/libDriversLPC17xxgnu.a(lpc17xx_i2c.o)
 .bss.I2C_MasterComplete
                0x100005f4        0xc /opt/york/cs/net/lpc1700-cmsis-lite-2011.01.26-i686-1/lib/libDriversLPC17xxgnu.a(lpc17xx_i2c.o)
 .bss.I2C_SlaveComplete
                0x10000600        0xc /opt/york/cs/net/lpc1700-cmsis-lite-2011.01.26-i686-1/lib/libDriversLPC17xxgnu.a(lpc17xx_i2c.o)
 .bss.I2C_MonitorBufferIndex
                0x1000060c        0x4 /opt/york/cs/net/lpc1700-cmsis-lite-2011.01.26-i686-1/lib/libDriversLPC17xxgnu.a(lpc17xx_i2c.o)
 .bss           0x10000610        0x0 /opt/york/cs/net/lpc1700-cmsis-lite-2011.01.26-i686-1/lib/libDriversLPC17xxgnu.a(lpc17xx_libcfg_default.o)
 .bss           0x10000610        0x0 /opt/york/cs/net/lpc1700-cmsis-lite-2011.01.26-i686-1/lib/libDriversLPC17xxgnu.a(lpc17xx_pinsel.o)
 .bss           0x10000610        0x0 /opt/york/cs/net/lpc1700-cmsis-lite-2011.01.26-i686-1/lib/libDriversLPC17xxgnu.a(lpc17xx_uart.o)
 .bss           0x10000610        0x0 /opt/york/cs/net/sourcery-g++-lite-arm-eabi-2010.09.51-i686-1/bin/../lib/gcc/arm-none-eabi/4.5.1/thumb2/crtend.o
 .bss           0x10000610        0x0 /opt/york/cs/net/sourcery-g++-lite-arm-eabi-2010.09.51-i686-1/bin/../lib/gcc/arm-none-eabi/4.5.1/thumb2/crtn.o
 *(COMMON)
 COMMON         0x10000610        0x4 irSense.o
                0x10000610                Counter
 COMMON         0x10000614        0x4 /opt/york/cs/net/sourcery-g++-lite-arm-eabi-2010.09.51-i686-1/arm-none-eabi/lib/thumb2/libc.a(lib_a-reent.o)
                0x10000614                errno
 *(.ram.b)
                0x10000618                . = ALIGN (0x8)
                0x10000618                _end = .
                0x10000618                __end = .

.usb_ram
 *.o(USB_RAM)

.heap           0x10000618     0x1000
 *(.heap)
 .heap          0x10000618     0x1000 /opt/york/cs/net/lpc1700-cmsis-lite-2011.01.26-i686-1/lib/startup_LPC17xx.o
                0x10000618                __cs3_heap_start
                0x10001618                __cs3_heap_end

.stack          0x10007f00      0x100
 *(.stack)
 .stack         0x10007f00      0x100 /opt/york/cs/net/lpc1700-cmsis-lite-2011.01.26-i686-1/lib/startup_LPC17xx.o
                0x10007f00                __cs3_stack_mem
                0x10008000                _estack = .
                0x10008000                PROVIDE (estack, .)
                0x0000b1c8                __cs3_region_init_ram = LOADADDR (.data)
                0x00000598                __cs3_region_init_size_ram = (_edata - __cs3_region_start_ram)
                0x00000080                __cs3_region_zero_size_ram = (_end - _edata)
                0x00008000                __cs3_region_size_ram = 0x8000
                0x00000001                __cs3_region_num = 0x1

.stab
 *(.stab)

.stabstr
 *(.stabstr)

.debug
 *(.debug)

.line
 *(.line)

.debug_srcinfo
 *(.debug_srcinfo)

.debug_sfnames
 *(.debug_sfnames)

.comment        0x00000000       0x2a
 .comment       0x00000000       0x2a irSense.o
                                 0x2b (size before relaxing)
 .comment       0x00000000       0x2b Delay.o
 .comment       0x00000000       0x2b SerialIO.o
 .comment       0x00000000       0x2b I2C.o
 .comment       0x00000000       0x2b ADC.o
 .comment       0x00000000       0x2b KeyAccess.o
 .comment       0x00000000       0x2b LDC_PrintHelloWorld.o
 .comment       0x00000000       0x2b /opt/york/cs/net/lpc1700-cmsis-lite-2011.01.26-i686-1/lib/core_cm3.o
 .comment       0x00000000       0x2b /opt/york/cs/net/lpc1700-cmsis-lite-2011.01.26-i686-1/lib/system_LPC17xx.o
 .comment       0x00000000       0x2b /opt/york/cs/net/lpc1700-cmsis-lite-2011.01.26-i686-1/lib/libDriversLPC17xxgnu.a(lpc17xx_adc.o)
 .comment       0x00000000       0x2b /opt/york/cs/net/lpc1700-cmsis-lite-2011.01.26-i686-1/lib/libDriversLPC17xxgnu.a(lpc17xx_clkpwr.o)
 .comment       0x00000000       0x2b /opt/york/cs/net/lpc1700-cmsis-lite-2011.01.26-i686-1/lib/libDriversLPC17xxgnu.a(lpc17xx_i2c.o)
 .comment       0x00000000       0x2b /opt/york/cs/net/lpc1700-cmsis-lite-2011.01.26-i686-1/lib/libDriversLPC17xxgnu.a(lpc17xx_libcfg_default.o)
 .comment       0x00000000       0x2b /opt/york/cs/net/lpc1700-cmsis-lite-2011.01.26-i686-1/lib/libDriversLPC17xxgnu.a(lpc17xx_pinsel.o)
 .comment       0x00000000       0x2b /opt/york/cs/net/lpc1700-cmsis-lite-2011.01.26-i686-1/lib/libDriversLPC17xxgnu.a(lpc17xx_uart.o)

.debug_aranges  0x00000000      0x508
 *(.debug_aranges)
 .debug_aranges
                0x00000000       0x50 irSense.o
 .debug_aranges
                0x00000050       0x40 Delay.o
 .debug_aranges
                0x00000090       0x28 SerialIO.o
 .debug_aranges
                0x000000b8       0x30 I2C.o
 .debug_aranges
                0x000000e8       0x20 ADC.o
 .debug_aranges
                0x00000108       0x30 KeyAccess.o
 .debug_aranges
                0x00000138       0x70 LDC_PrintHelloWorld.o
 .debug_aranges
                0x000001a8       0x28 /opt/york/cs/net/lpc1700-cmsis-lite-2011.01.26-i686-1/lib/system_LPC17xx.o
 .debug_aranges
                0x000001d0       0x28 /opt/york/cs/net/lpc1700-cmsis-lite-2011.01.26-i686-1/lib/startup_LPC17xx.o
 .debug_aranges
                0x000001f8       0x80 /opt/york/cs/net/lpc1700-cmsis-lite-2011.01.26-i686-1/lib/libDriversLPC17xxgnu.a(lpc17xx_adc.o)
 .debug_aranges
                0x00000278       0x58 /opt/york/cs/net/lpc1700-cmsis-lite-2011.01.26-i686-1/lib/libDriversLPC17xxgnu.a(lpc17xx_clkpwr.o)
 .debug_aranges
                0x000002d0       0xd0 /opt/york/cs/net/lpc1700-cmsis-lite-2011.01.26-i686-1/lib/libDriversLPC17xxgnu.a(lpc17xx_i2c.o)
 .debug_aranges
                0x000003a0       0x20 /opt/york/cs/net/lpc1700-cmsis-lite-2011.01.26-i686-1/lib/libDriversLPC17xxgnu.a(lpc17xx_libcfg_default.o)
 .debug_aranges
                0x000003c0       0x48 /opt/york/cs/net/lpc1700-cmsis-lite-2011.01.26-i686-1/lib/libDriversLPC17xxgnu.a(lpc17xx_pinsel.o)
 .debug_aranges
                0x00000408      0x100 /opt/york/cs/net/lpc1700-cmsis-lite-2011.01.26-i686-1/lib/libDriversLPC17xxgnu.a(lpc17xx_uart.o)

.debug_pubnames
                0x00000000      0x88d
 *(.debug_pubnames)
 .debug_pubnames
                0x00000000       0x57 irSense.o
 .debug_pubnames
                0x00000057       0x4b Delay.o
 .debug_pubnames
                0x000000a2       0x2f SerialIO.o
 .debug_pubnames
                0x000000d1       0x3a I2C.o
 .debug_pubnames
                0x0000010b       0x30 ADC.o
 .debug_pubnames
                0x0000013b       0x41 KeyAccess.o
 .debug_pubnames
                0x0000017c       0xa7 LDC_PrintHelloWorld.o
 .debug_pubnames
                0x00000223       0x4f /opt/york/cs/net/lpc1700-cmsis-lite-2011.01.26-i686-1/lib/system_LPC17xx.o
 .debug_pubnames
                0x00000272      0x110 /opt/york/cs/net/lpc1700-cmsis-lite-2011.01.26-i686-1/lib/libDriversLPC17xxgnu.a(lpc17xx_adc.o)
 .debug_pubnames
                0x00000382       0xbb /opt/york/cs/net/lpc1700-cmsis-lite-2011.01.26-i686-1/lib/libDriversLPC17xxgnu.a(lpc17xx_clkpwr.o)
 .debug_pubnames
                0x0000043d      0x163 /opt/york/cs/net/lpc1700-cmsis-lite-2011.01.26-i686-1/lib/libDriversLPC17xxgnu.a(lpc17xx_i2c.o)
 .debug_pubnames
                0x000005a0       0x23 /opt/york/cs/net/lpc1700-cmsis-lite-2011.01.26-i686-1/lib/libDriversLPC17xxgnu.a(lpc17xx_libcfg_default.o)
 .debug_pubnames
                0x000005c3       0x59 /opt/york/cs/net/lpc1700-cmsis-lite-2011.01.26-i686-1/lib/libDriversLPC17xxgnu.a(lpc17xx_pinsel.o)
 .debug_pubnames
                0x0000061c      0x271 /opt/york/cs/net/lpc1700-cmsis-lite-2011.01.26-i686-1/lib/libDriversLPC17xxgnu.a(lpc17xx_uart.o)

.debug_info     0x00000000     0x6402
 *(.debug_info .gnu.linkonce.wi.*)
 .debug_info    0x00000000      0xe21 irSense.o
 .debug_info    0x00000e21      0x5fb Delay.o
 .debug_info    0x0000141c      0x4d6 SerialIO.o
 .debug_info    0x000018f2      0x396 I2C.o
 .debug_info    0x00001c88      0x291 ADC.o
 .debug_info    0x00001f19      0x3ea KeyAccess.o
 .debug_info    0x00002303      0x97e LDC_PrintHelloWorld.o
 .debug_info    0x00002c81       0x68 /opt/york/cs/net/lpc1700-cmsis-lite-2011.01.26-i686-1/lib/core_cm3.o
 .debug_info    0x00002ce9      0x509 /opt/york/cs/net/lpc1700-cmsis-lite-2011.01.26-i686-1/lib/system_LPC17xx.o
 .debug_info    0x000031f2       0xc1 /opt/york/cs/net/lpc1700-cmsis-lite-2011.01.26-i686-1/lib/startup_LPC17xx.o
 .debug_info    0x000032b3      0x613 /opt/york/cs/net/lpc1700-cmsis-lite-2011.01.26-i686-1/lib/libDriversLPC17xxgnu.a(lpc17xx_adc.o)
 .debug_info    0x000038c6      0x6c5 /opt/york/cs/net/lpc1700-cmsis-lite-2011.01.26-i686-1/lib/libDriversLPC17xxgnu.a(lpc17xx_clkpwr.o)
 .debug_info    0x00003f8b      0xdac /opt/york/cs/net/lpc1700-cmsis-lite-2011.01.26-i686-1/lib/libDriversLPC17xxgnu.a(lpc17xx_i2c.o)
 .debug_info    0x00004d37       0xc9 /opt/york/cs/net/lpc1700-cmsis-lite-2011.01.26-i686-1/lib/libDriversLPC17xxgnu.a(lpc17xx_libcfg_default.o)
 .debug_info    0x00004e00      0x4b5 /opt/york/cs/net/lpc1700-cmsis-lite-2011.01.26-i686-1/lib/libDriversLPC17xxgnu.a(lpc17xx_pinsel.o)
 .debug_info    0x000052b5     0x114d /opt/york/cs/net/lpc1700-cmsis-lite-2011.01.26-i686-1/lib/libDriversLPC17xxgnu.a(lpc17xx_uart.o)

.debug_abbrev   0x00000000     0x1399
 *(.debug_abbrev)
 .debug_abbrev  0x00000000      0x1ff irSense.o
 .debug_abbrev  0x000001ff      0x1b5 Delay.o
 .debug_abbrev  0x000003b4      0x168 SerialIO.o
 .debug_abbrev  0x0000051c      0x10d I2C.o
 .debug_abbrev  0x00000629       0xe8 ADC.o
 .debug_abbrev  0x00000711      0x123 KeyAccess.o
 .debug_abbrev  0x00000834      0x1f0 LDC_PrintHelloWorld.o
 .debug_abbrev  0x00000a24       0x28 /opt/york/cs/net/lpc1700-cmsis-lite-2011.01.26-i686-1/lib/core_cm3.o
 .debug_abbrev  0x00000a4c      0x102 /opt/york/cs/net/lpc1700-cmsis-lite-2011.01.26-i686-1/lib/system_LPC17xx.o
 .debug_abbrev  0x00000b4e       0x12 /opt/york/cs/net/lpc1700-cmsis-lite-2011.01.26-i686-1/lib/startup_LPC17xx.o
 .debug_abbrev  0x00000b60      0x13d /opt/york/cs/net/lpc1700-cmsis-lite-2011.01.26-i686-1/lib/libDriversLPC17xxgnu.a(lpc17xx_adc.o)
 .debug_abbrev  0x00000c9d      0x195 /opt/york/cs/net/lpc1700-cmsis-lite-2011.01.26-i686-1/lib/libDriversLPC17xxgnu.a(lpc17xx_clkpwr.o)
 .debug_abbrev  0x00000e32      0x214 /opt/york/cs/net/lpc1700-cmsis-lite-2011.01.26-i686-1/lib/libDriversLPC17xxgnu.a(lpc17xx_i2c.o)
 .debug_abbrev  0x00001046       0x68 /opt/york/cs/net/lpc1700-cmsis-lite-2011.01.26-i686-1/lib/libDriversLPC17xxgnu.a(lpc17xx_libcfg_default.o)
 .debug_abbrev  0x000010ae      0x11d /opt/york/cs/net/lpc1700-cmsis-lite-2011.01.26-i686-1/lib/libDriversLPC17xxgnu.a(lpc17xx_pinsel.o)
 .debug_abbrev  0x000011cb      0x1ce /opt/york/cs/net/lpc1700-cmsis-lite-2011.01.26-i686-1/lib/libDriversLPC17xxgnu.a(lpc17xx_uart.o)

.debug_line     0x00000000     0x26ae
 *(.debug_line)
 .debug_line    0x00000000      0x270 irSense.o
 .debug_line    0x00000270      0x18a Delay.o
 .debug_line    0x000003fa      0x15f SerialIO.o
 .debug_line    0x00000559      0x16d I2C.o
 .debug_line    0x000006c6      0x14d ADC.o
 .debug_line    0x00000813      0x191 KeyAccess.o
 .debug_line    0x000009a4      0x250 LDC_PrintHelloWorld.o
 .debug_line    0x00000bf4       0x1d /opt/york/cs/net/lpc1700-cmsis-lite-2011.01.26-i686-1/lib/core_cm3.o
 .debug_line    0x00000c11      0x1e4 /opt/york/cs/net/lpc1700-cmsis-lite-2011.01.26-i686-1/lib/system_LPC17xx.o
 .debug_line    0x00000df5       0xb1 /opt/york/cs/net/lpc1700-cmsis-lite-2011.01.26-i686-1/lib/startup_LPC17xx.o
 .debug_line    0x00000ea6      0x386 /opt/york/cs/net/lpc1700-cmsis-lite-2011.01.26-i686-1/lib/libDriversLPC17xxgnu.a(lpc17xx_adc.o)
 .debug_line    0x0000122c      0x29a /opt/york/cs/net/lpc1700-cmsis-lite-2011.01.26-i686-1/lib/libDriversLPC17xxgnu.a(lpc17xx_clkpwr.o)
 .debug_line    0x000014c6      0x67c /opt/york/cs/net/lpc1700-cmsis-lite-2011.01.26-i686-1/lib/libDriversLPC17xxgnu.a(lpc17xx_i2c.o)
 .debug_line    0x00001b42       0xc4 /opt/york/cs/net/lpc1700-cmsis-lite-2011.01.26-i686-1/lib/libDriversLPC17xxgnu.a(lpc17xx_libcfg_default.o)
 .debug_line    0x00001c06      0x220 /opt/york/cs/net/lpc1700-cmsis-lite-2011.01.26-i686-1/lib/libDriversLPC17xxgnu.a(lpc17xx_pinsel.o)
 .debug_line    0x00001e26      0x888 /opt/york/cs/net/lpc1700-cmsis-lite-2011.01.26-i686-1/lib/libDriversLPC17xxgnu.a(lpc17xx_uart.o)

.debug_frame    0x00000000     0x1760
 *(.debug_frame)
 .debug_frame   0x00000000       0xe0 irSense.o
 .debug_frame   0x000000e0       0x9c Delay.o
 .debug_frame   0x0000017c       0x50 SerialIO.o
 .debug_frame   0x000001cc       0x68 I2C.o
 .debug_frame   0x00000234       0x30 ADC.o
 .debug_frame   0x00000264       0x70 KeyAccess.o
 .debug_frame   0x000002d4      0x16c LDC_PrintHelloWorld.o
 .debug_frame   0x00000440       0x40 /opt/york/cs/net/lpc1700-cmsis-lite-2011.01.26-i686-1/lib/system_LPC17xx.o
 .debug_frame   0x00000480       0x30 /opt/york/cs/net/sourcery-g++-lite-arm-eabi-2010.09.51-i686-1/arm-none-eabi/lib/thumb2/libc.a(lib_a-malloc.o)
 .debug_frame   0x000004b0       0x3c /opt/york/cs/net/sourcery-g++-lite-arm-eabi-2010.09.51-i686-1/arm-none-eabi/lib/thumb2/libc.a(lib_a-mallocr.o)
 .debug_frame   0x000004ec       0x30 /opt/york/cs/net/sourcery-g++-lite-arm-eabi-2010.09.51-i686-1/arm-none-eabi/lib/thumb2/libc.a(lib_a-mlock.o)
 .debug_frame   0x0000051c       0x2c /opt/york/cs/net/sourcery-g++-lite-arm-eabi-2010.09.51-i686-1/arm-none-eabi/lib/thumb2/libc.a(lib_a-sbrkr.o)
 .debug_frame   0x00000548       0x64 /opt/york/cs/net/sourcery-g++-lite-arm-eabi-2010.09.51-i686-1/arm-none-eabi/lib/thumb2/libc.a(lib_a-sprintf.o)
 .debug_frame   0x000005ac       0x20 /opt/york/cs/net/sourcery-g++-lite-arm-eabi-2010.09.51-i686-1/arm-none-eabi/lib/thumb2/libc.a(lib_a-strlen.o)
 .debug_frame   0x000005cc       0x3c /opt/york/cs/net/sourcery-g++-lite-arm-eabi-2010.09.51-i686-1/arm-none-eabi/lib/thumb2/libc.a(lib_a-svfprintf.o)
 .debug_frame   0x00000608       0x68 /opt/york/cs/net/sourcery-g++-lite-arm-eabi-2010.09.51-i686-1/arm-none-eabi/lib/thumb2/libc.a(lib_a-dtoa.o)
 .debug_frame   0x00000670       0x50 /opt/york/cs/net/sourcery-g++-lite-arm-eabi-2010.09.51-i686-1/arm-none-eabi/lib/thumb2/libc.a(lib_a-freer.o)
 .debug_frame   0x000006c0       0x98 /opt/york/cs/net/sourcery-g++-lite-arm-eabi-2010.09.51-i686-1/arm-none-eabi/lib/thumb2/libc.a(lib_a-locale.o)
 .debug_frame   0x00000758       0x2c /opt/york/cs/net/sourcery-g++-lite-arm-eabi-2010.09.51-i686-1/arm-none-eabi/lib/thumb2/libc.a(lib_a-memchr.o)
 .debug_frame   0x00000784       0x30 /opt/york/cs/net/sourcery-g++-lite-arm-eabi-2010.09.51-i686-1/arm-none-eabi/lib/thumb2/libc.a(lib_a-memcpy.o)
 .debug_frame   0x000007b4      0x244 /opt/york/cs/net/sourcery-g++-lite-arm-eabi-2010.09.51-i686-1/arm-none-eabi/lib/thumb2/libc.a(lib_a-mprec.o)
 .debug_frame   0x000009f8       0x64 /opt/york/cs/net/sourcery-g++-lite-arm-eabi-2010.09.51-i686-1/arm-none-eabi/lib/thumb2/libc.a(lib_a-reent.o)
 .debug_frame   0x00000a5c       0x28 /opt/york/cs/net/sourcery-g++-lite-arm-eabi-2010.09.51-i686-1/arm-none-eabi/lib/thumb2/libc.a(lib_a-s_fpclassify.o)
 .debug_frame   0x00000a84       0x30 /opt/york/cs/net/sourcery-g++-lite-arm-eabi-2010.09.51-i686-1/arm-none-eabi/lib/thumb2/libc.a(lib_a-strcmp.o)
 .debug_frame   0x00000ab4       0x68 /opt/york/cs/net/sourcery-g++-lite-arm-eabi-2010.09.51-i686-1/arm-none-eabi/lib/thumb2/libc.a(lib_a-svfiprintf.o)
 .debug_frame   0x00000b1c       0x2c /opt/york/cs/net/sourcery-g++-lite-arm-eabi-2010.09.51-i686-1/arm-none-eabi/lib/thumb2/libc.a(lib_a-callocr.o)
 .debug_frame   0x00000b48       0x2c /opt/york/cs/net/sourcery-g++-lite-arm-eabi-2010.09.51-i686-1/arm-none-eabi/lib/thumb2/libc.a(lib_a-memmove.o)
 .debug_frame   0x00000b74       0x2c /opt/york/cs/net/sourcery-g++-lite-arm-eabi-2010.09.51-i686-1/arm-none-eabi/lib/thumb2/libc.a(lib_a-memset.o)
 .debug_frame   0x00000ba0       0x3c /opt/york/cs/net/sourcery-g++-lite-arm-eabi-2010.09.51-i686-1/arm-none-eabi/lib/thumb2/libc.a(lib_a-reallocr.o)
 .debug_frame   0x00000bdc       0x20 /opt/york/cs/net/sourcery-g++-lite-arm-eabi-2010.09.51-i686-1/bin/../lib/gcc/arm-none-eabi/4.5.1/thumb2/libgcc.a(_udivsi3.o)
 .debug_frame   0x00000bfc       0x50 /opt/york/cs/net/sourcery-g++-lite-arm-eabi-2010.09.51-i686-1/bin/../lib/gcc/arm-none-eabi/4.5.1/thumb2/libgcc.a(bpabi.o)
 .debug_frame   0x00000c4c       0x3c /opt/york/cs/net/sourcery-g++-lite-arm-eabi-2010.09.51-i686-1/bin/../lib/gcc/arm-none-eabi/4.5.1/thumb2/libgcc.a(_divdi3.o)
 .debug_frame   0x00000c88       0x3c /opt/york/cs/net/sourcery-g++-lite-arm-eabi-2010.09.51-i686-1/bin/../lib/gcc/arm-none-eabi/4.5.1/thumb2/libgcc.a(_udivdi3.o)
 .debug_frame   0x00000cc4       0x40 /opt/york/cs/net/sourcery-g++-lite-arm-eabi-2010.09.51-i686-1/arm-none-eabi/lib/thumb2/libcs3.a(start_c.o)
 .debug_frame   0x00000d04       0x28 /opt/york/cs/net/sourcery-g++-lite-arm-eabi-2010.09.51-i686-1/arm-none-eabi/lib/thumb2/libcs3unhosted.a(unhosted-sbrk.o)
 .debug_frame   0x00000d2c       0x20 /opt/york/cs/net/sourcery-g++-lite-arm-eabi-2010.09.51-i686-1/arm-none-eabi/lib/thumb2/libc.a(lib_a-errno.o)
 .debug_frame   0x00000d4c       0x2c /opt/york/cs/net/sourcery-g++-lite-arm-eabi-2010.09.51-i686-1/arm-none-eabi/lib/thumb2/libc.a(lib_a-init.o)
 .debug_frame   0x00000d78      0x1ac /opt/york/cs/net/lpc1700-cmsis-lite-2011.01.26-i686-1/lib/libDriversLPC17xxgnu.a(lpc17xx_adc.o)
 .debug_frame   0x00000f24       0xe4 /opt/york/cs/net/lpc1700-cmsis-lite-2011.01.26-i686-1/lib/libDriversLPC17xxgnu.a(lpc17xx_clkpwr.o)
 .debug_frame   0x00001008      0x2d0 /opt/york/cs/net/lpc1700-cmsis-lite-2011.01.26-i686-1/lib/libDriversLPC17xxgnu.a(lpc17xx_i2c.o)
 .debug_frame   0x000012d8       0x2c /opt/york/cs/net/lpc1700-cmsis-lite-2011.01.26-i686-1/lib/libDriversLPC17xxgnu.a(lpc17xx_libcfg_default.o)
 .debug_frame   0x00001304       0xbc /opt/york/cs/net/lpc1700-cmsis-lite-2011.01.26-i686-1/lib/libDriversLPC17xxgnu.a(lpc17xx_pinsel.o)
 .debug_frame   0x000013c0      0x3a0 /opt/york/cs/net/lpc1700-cmsis-lite-2011.01.26-i686-1/lib/libDriversLPC17xxgnu.a(lpc17xx_uart.o)

.debug_str      0x00000000     0x1e16
 *(.debug_str)
 .debug_str     0x00000000      0x890 irSense.o
                                0x8e0 (size before relaxing)
 .debug_str     0x00000890       0x34 Delay.o
                                0x44d (size before relaxing)
 .debug_str     0x000008c4      0x29a SerialIO.o
                                0x3e3 (size before relaxing)
 .debug_str     0x00000b5e       0xce I2C.o
                                0x2a8 (size before relaxing)
 .debug_str     0x00000c2c       0x1b ADC.o
                                0x244 (size before relaxing)
 .debug_str     0x00000c47       0x94 KeyAccess.o
                                0x2c0 (size before relaxing)
 .debug_str     0x00000cdb       0x93 LDC_PrintHelloWorld.o
                                0x619 (size before relaxing)
 .debug_str     0x00000d6e       0x42 /opt/york/cs/net/lpc1700-cmsis-lite-2011.01.26-i686-1/lib/core_cm3.o
                                 0xd2 (size before relaxing)
 .debug_str     0x00000db0      0x17b /opt/york/cs/net/lpc1700-cmsis-lite-2011.01.26-i686-1/lib/system_LPC17xx.o
                                0x2d5 (size before relaxing)
 .debug_str     0x00000f2b      0x21a /opt/york/cs/net/lpc1700-cmsis-lite-2011.01.26-i686-1/lib/libDriversLPC17xxgnu.a(lpc17xx_adc.o)
                                0x493 (size before relaxing)
 .debug_str     0x00001145       0xc4 /opt/york/cs/net/lpc1700-cmsis-lite-2011.01.26-i686-1/lib/libDriversLPC17xxgnu.a(lpc17xx_clkpwr.o)
                                0x380 (size before relaxing)
 .debug_str     0x00001209      0x358 /opt/york/cs/net/lpc1700-cmsis-lite-2011.01.26-i686-1/lib/libDriversLPC17xxgnu.a(lpc17xx_i2c.o)
                                0x840 (size before relaxing)
 .debug_str     0x00001561       0x30 /opt/york/cs/net/lpc1700-cmsis-lite-2011.01.26-i686-1/lib/libDriversLPC17xxgnu.a(lpc17xx_libcfg_default.o)
                                0x107 (size before relaxing)
 .debug_str     0x00001591       0xf6 /opt/york/cs/net/lpc1700-cmsis-lite-2011.01.26-i686-1/lib/libDriversLPC17xxgnu.a(lpc17xx_pinsel.o)
                                0x359 (size before relaxing)
 .debug_str     0x00001687      0x78f /opt/york/cs/net/lpc1700-cmsis-lite-2011.01.26-i686-1/lib/libDriversLPC17xxgnu.a(lpc17xx_uart.o)
                                0xb32 (size before relaxing)

.debug_loc      0x00000000     0x185c
 *(.debug_loc)
 .debug_loc     0x00000000      0x166 irSense.o
 .debug_loc     0x00000166      0x100 Delay.o
 .debug_loc     0x00000266       0x70 SerialIO.o
 .debug_loc     0x000002d6       0x9c I2C.o
 .debug_loc     0x00000372       0x38 ADC.o
 .debug_loc     0x000003aa       0xaa KeyAccess.o
 .debug_loc     0x00000454      0x25e LDC_PrintHelloWorld.o
 .debug_loc     0x000006b2       0x58 /opt/york/cs/net/lpc1700-cmsis-lite-2011.01.26-i686-1/lib/system_LPC17xx.o
 .debug_loc     0x0000070a      0x2d8 /opt/york/cs/net/lpc1700-cmsis-lite-2011.01.26-i686-1/lib/libDriversLPC17xxgnu.a(lpc17xx_adc.o)
 .debug_loc     0x000009e2      0x190 /opt/york/cs/net/lpc1700-cmsis-lite-2011.01.26-i686-1/lib/libDriversLPC17xxgnu.a(lpc17xx_clkpwr.o)
 .debug_loc     0x00000b72      0x508 /opt/york/cs/net/lpc1700-cmsis-lite-2011.01.26-i686-1/lib/libDriversLPC17xxgnu.a(lpc17xx_i2c.o)
 .debug_loc     0x0000107a       0x38 /opt/york/cs/net/lpc1700-cmsis-lite-2011.01.26-i686-1/lib/libDriversLPC17xxgnu.a(lpc17xx_libcfg_default.o)
 .debug_loc     0x000010b2      0x150 /opt/york/cs/net/lpc1700-cmsis-lite-2011.01.26-i686-1/lib/libDriversLPC17xxgnu.a(lpc17xx_pinsel.o)
 .debug_loc     0x00001202      0x65a /opt/york/cs/net/lpc1700-cmsis-lite-2011.01.26-i686-1/lib/libDriversLPC17xxgnu.a(lpc17xx_uart.o)

.debug_macinfo
 *(.debug_macinfo)

.debug_weaknames
 *(.debug_weaknames)

.debug_funcnames
 *(.debug_funcnames)

.debug_typenames
 *(.debug_typenames)

.debug_varnames
 *(.debug_varnames)

.note.gnu.arm.ident
 *(.note.gnu.arm.ident)

.ARM.attributes
                0x00000000       0x25
 *(.ARM.attributes)
 .ARM.attributes
                0x00000000       0x19 /opt/york/cs/net/sourcery-g++-lite-arm-eabi-2010.09.51-i686-1/bin/../lib/gcc/arm-none-eabi/4.5.1/thumb2/crti.o
 .ARM.attributes
                0x00000019       0x29 /opt/york/cs/net/sourcery-g++-lite-arm-eabi-2010.09.51-i686-1/bin/../lib/gcc/arm-none-eabi/4.5.1/thumb2/crtbegin.o
 .ARM.attributes
                0x00000042       0x31 irSense.o
 .ARM.attributes
                0x00000073       0x31 Delay.o
 .ARM.attributes
                0x000000a4       0x31 SerialIO.o
 .ARM.attributes
                0x000000d5       0x31 I2C.o
 .ARM.attributes
                0x00000106       0x31 ADC.o
 .ARM.attributes
                0x00000137       0x31 KeyAccess.o
 .ARM.attributes
                0x00000168       0x31 LDC_PrintHelloWorld.o
 .ARM.attributes
                0x00000199       0x31 /opt/york/cs/net/lpc1700-cmsis-lite-2011.01.26-i686-1/lib/core_cm3.o
 .ARM.attributes
                0x000001ca       0x31 /opt/york/cs/net/lpc1700-cmsis-lite-2011.01.26-i686-1/lib/system_LPC17xx.o
 .ARM.attributes
                0x000001fb       0x21 /opt/york/cs/net/lpc1700-cmsis-lite-2011.01.26-i686-1/lib/startup_LPC17xx.o
 .ARM.attributes
                0x0000021c       0x29 /opt/york/cs/net/sourcery-g++-lite-arm-eabi-2010.09.51-i686-1/arm-none-eabi/lib/thumb2/libc.a(lib_a-malloc.o)
 .ARM.attributes
                0x00000245       0x29 /opt/york/cs/net/sourcery-g++-lite-arm-eabi-2010.09.51-i686-1/arm-none-eabi/lib/thumb2/libc.a(lib_a-mallocr.o)
 .ARM.attributes
                0x0000026e       0x29 /opt/york/cs/net/sourcery-g++-lite-arm-eabi-2010.09.51-i686-1/arm-none-eabi/lib/thumb2/libc.a(lib_a-mlock.o)
 .ARM.attributes
                0x00000297       0x29 /opt/york/cs/net/sourcery-g++-lite-arm-eabi-2010.09.51-i686-1/arm-none-eabi/lib/thumb2/libc.a(lib_a-sbrkr.o)
 .ARM.attributes
                0x000002c0       0x29 /opt/york/cs/net/sourcery-g++-lite-arm-eabi-2010.09.51-i686-1/arm-none-eabi/lib/thumb2/libc.a(lib_a-sprintf.o)
 .ARM.attributes
                0x000002e9       0x29 /opt/york/cs/net/sourcery-g++-lite-arm-eabi-2010.09.51-i686-1/arm-none-eabi/lib/thumb2/libc.a(lib_a-strlen.o)
 .ARM.attributes
                0x00000312       0x29 /opt/york/cs/net/sourcery-g++-lite-arm-eabi-2010.09.51-i686-1/arm-none-eabi/lib/thumb2/libc.a(lib_a-svfprintf.o)
 .ARM.attributes
                0x0000033b       0x29 /opt/york/cs/net/sourcery-g++-lite-arm-eabi-2010.09.51-i686-1/arm-none-eabi/lib/thumb2/libc.a(lib_a-dtoa.o)
 .ARM.attributes
                0x00000364       0x29 /opt/york/cs/net/sourcery-g++-lite-arm-eabi-2010.09.51-i686-1/arm-none-eabi/lib/thumb2/libc.a(lib_a-freer.o)
 .ARM.attributes
                0x0000038d       0x29 /opt/york/cs/net/sourcery-g++-lite-arm-eabi-2010.09.51-i686-1/arm-none-eabi/lib/thumb2/libc.a(lib_a-impure.o)
 .ARM.attributes
                0x000003b6       0x29 /opt/york/cs/net/sourcery-g++-lite-arm-eabi-2010.09.51-i686-1/arm-none-eabi/lib/thumb2/libc.a(lib_a-locale.o)
 .ARM.attributes
                0x000003df       0x29 /opt/york/cs/net/sourcery-g++-lite-arm-eabi-2010.09.51-i686-1/arm-none-eabi/lib/thumb2/libc.a(lib_a-memchr.o)
 .ARM.attributes
                0x00000408       0x29 /opt/york/cs/net/sourcery-g++-lite-arm-eabi-2010.09.51-i686-1/arm-none-eabi/lib/thumb2/libc.a(lib_a-memcpy.o)
 .ARM.attributes
                0x00000431       0x29 /opt/york/cs/net/sourcery-g++-lite-arm-eabi-2010.09.51-i686-1/arm-none-eabi/lib/thumb2/libc.a(lib_a-mprec.o)
 .ARM.attributes
                0x0000045a       0x29 /opt/york/cs/net/sourcery-g++-lite-arm-eabi-2010.09.51-i686-1/arm-none-eabi/lib/thumb2/libc.a(lib_a-reent.o)
 .ARM.attributes
                0x00000483       0x29 /opt/york/cs/net/sourcery-g++-lite-arm-eabi-2010.09.51-i686-1/arm-none-eabi/lib/thumb2/libc.a(lib_a-s_fpclassify.o)
 .ARM.attributes
                0x000004ac       0x29 /opt/york/cs/net/sourcery-g++-lite-arm-eabi-2010.09.51-i686-1/arm-none-eabi/lib/thumb2/libc.a(lib_a-strcmp.o)
 .ARM.attributes
                0x000004d5       0x29 /opt/york/cs/net/sourcery-g++-lite-arm-eabi-2010.09.51-i686-1/arm-none-eabi/lib/thumb2/libc.a(lib_a-svfiprintf.o)
 .ARM.attributes
                0x000004fe       0x29 /opt/york/cs/net/sourcery-g++-lite-arm-eabi-2010.09.51-i686-1/arm-none-eabi/lib/thumb2/libc.a(lib_a-callocr.o)
 .ARM.attributes
                0x00000527       0x29 /opt/york/cs/net/sourcery-g++-lite-arm-eabi-2010.09.51-i686-1/arm-none-eabi/lib/thumb2/libc.a(lib_a-memmove.o)
 .ARM.attributes
                0x00000550       0x29 /opt/york/cs/net/sourcery-g++-lite-arm-eabi-2010.09.51-i686-1/arm-none-eabi/lib/thumb2/libc.a(lib_a-memset.o)
 .ARM.attributes
                0x00000579       0x29 /opt/york/cs/net/sourcery-g++-lite-arm-eabi-2010.09.51-i686-1/arm-none-eabi/lib/thumb2/libc.a(lib_a-reallocr.o)
 .ARM.attributes
                0x000005a2       0x1b /opt/york/cs/net/sourcery-g++-lite-arm-eabi-2010.09.51-i686-1/bin/../lib/gcc/arm-none-eabi/4.5.1/thumb2/libgcc.a(_udivsi3.o)
 .ARM.attributes
                0x000005bd       0x1b /opt/york/cs/net/sourcery-g++-lite-arm-eabi-2010.09.51-i686-1/bin/../lib/gcc/arm-none-eabi/4.5.1/thumb2/libgcc.a(_dvmd_tls.o)
 .ARM.attributes
                0x000005d8       0x1b /opt/york/cs/net/sourcery-g++-lite-arm-eabi-2010.09.51-i686-1/bin/../lib/gcc/arm-none-eabi/4.5.1/thumb2/libgcc.a(_arm_addsubdf3.o)
 .ARM.attributes
                0x000005f3       0x1b /opt/york/cs/net/sourcery-g++-lite-arm-eabi-2010.09.51-i686-1/bin/../lib/gcc/arm-none-eabi/4.5.1/thumb2/libgcc.a(_arm_muldivdf3.o)
 .ARM.attributes
                0x0000060e       0x1b /opt/york/cs/net/sourcery-g++-lite-arm-eabi-2010.09.51-i686-1/bin/../lib/gcc/arm-none-eabi/4.5.1/thumb2/libgcc.a(_arm_cmpdf2.o)
 .ARM.attributes
                0x00000629       0x1b /opt/york/cs/net/sourcery-g++-lite-arm-eabi-2010.09.51-i686-1/bin/../lib/gcc/arm-none-eabi/4.5.1/thumb2/libgcc.a(_arm_fixdfsi.o)
 .ARM.attributes
                0x00000644       0x1b /opt/york/cs/net/sourcery-g++-lite-arm-eabi-2010.09.51-i686-1/bin/../lib/gcc/arm-none-eabi/4.5.1/thumb2/libgcc.a(_aeabi_uldivmod.o)
 .ARM.attributes
                0x0000065f       0x29 /opt/york/cs/net/sourcery-g++-lite-arm-eabi-2010.09.51-i686-1/bin/../lib/gcc/arm-none-eabi/4.5.1/thumb2/libgcc.a(bpabi.o)
 .ARM.attributes
                0x00000688       0x29 /opt/york/cs/net/sourcery-g++-lite-arm-eabi-2010.09.51-i686-1/bin/../lib/gcc/arm-none-eabi/4.5.1/thumb2/libgcc.a(_divdi3.o)
 .ARM.attributes
                0x000006b1       0x29 /opt/york/cs/net/sourcery-g++-lite-arm-eabi-2010.09.51-i686-1/bin/../lib/gcc/arm-none-eabi/4.5.1/thumb2/libgcc.a(_udivdi3.o)
 .ARM.attributes
                0x000006da       0x29 /opt/york/cs/net/sourcery-g++-lite-arm-eabi-2010.09.51-i686-1/arm-none-eabi/lib/thumb2/libcs3.a(start_c.o)
 .ARM.attributes
                0x00000703       0x29 /opt/york/cs/net/sourcery-g++-lite-arm-eabi-2010.09.51-i686-1/arm-none-eabi/lib/thumb2/libcs3unhosted.a(unhosted-sbrk.o)
 .ARM.attributes
                0x0000072c       0x19 /opt/york/cs/net/sourcery-g++-lite-arm-eabi-2010.09.51-i686-1/arm-none-eabi/lib/thumb2/libcs3unhosted.a(unhosted-start.o)
 .ARM.attributes
                0x00000745       0x29 /opt/york/cs/net/sourcery-g++-lite-arm-eabi-2010.09.51-i686-1/arm-none-eabi/lib/thumb2/libc.a(lib_a-errno.o)
 .ARM.attributes
                0x0000076e       0x29 /opt/york/cs/net/sourcery-g++-lite-arm-eabi-2010.09.51-i686-1/arm-none-eabi/lib/thumb2/libc.a(lib_a-init.o)
 .ARM.attributes
                0x00000797       0x29 /opt/york/cs/net/sourcery-g++-lite-arm-eabi-2010.09.51-i686-1/arm-none-eabi/lib/thumb2/libcs3.a(heap.o)
 .ARM.attributes
                0x000007c0       0x31 /opt/york/cs/net/lpc1700-cmsis-lite-2011.01.26-i686-1/lib/libDriversLPC17xxgnu.a(lpc17xx_adc.o)
 .ARM.attributes